2026-07-31 23:03:32 UTC | Starting synchronous Jimmy PAIge training | payload=1.30 MiB | attempts=6
2026-07-31 23:03:33 UTC | Attempt 1/6 starting synchronously | name=default
2026-07-31 23:03:48 UTC | [synchronous heartbeat] attempt=1/6 | name=default | elapsed=15.0s | remote call active
2026-07-31 23:04:03 UTC | [synchronous heartbeat] attempt=1/6 | name=default | elapsed=30.0s | remote call active
2026-07-31 23:04:18 UTC | [synchronous heartbeat] attempt=1/6 | name=default | elapsed=45.0s | remote call active
2026-07-31 23:04:33 UTC | [synchronous heartbeat] attempt=1/6 | name=default | elapsed=60.0s | remote call active
2026-07-31 23:04:48 UTC | [synchronous heartbeat] attempt=1/6 | name=default | elapsed=75.0s | remote call active
2026-07-31 23:05:03 UTC | [synchronous heartbeat] attempt=1/6 | name=default | elapsed=90.0s | remote call active
2026-07-31 23:05:18 UTC | [synchronous heartbeat] attempt=1/6 | name=default | elapsed=105.0s | remote call active
2026-07-31 23:05:33 UTC | [synchronous heartbeat] attempt=1/6 | name=default | elapsed=120.0s | remote call active
2026-07-31 23:05:48 UTC | [synchronous heartbeat] attempt=1/6 | name=default | elapsed=135.0s | remote call active
2026-07-31 23:06:03 UTC | [synchronous heartbeat] attempt=1/6 | name=default | elapsed=150.0s | remote call active
2026-07-31 23:06:18 UTC | [synchronous heartbeat] attempt=1/6 | name=default | elapsed=165.0s | remote call active
2026-07-31 23:06:33 UTC | [synchronous heartbeat] attempt=1/6 | name=default | elapsed=180.0s | remote call active
2026-07-31 23:06:48 UTC | [synchronous heartbeat] attempt=1/6 | name=default | elapsed=195.0s | remote call active
2026-07-31 23:07:03 UTC | [synchronous heartbeat] attempt=1/6 | name=default | elapsed=210.0s | remote call active
2026-07-31 23:07:18 UTC | [synchronous heartbeat] attempt=1/6 | name=default | elapsed=225.0s | remote call active
2026-07-31 23:07:33 UTC | [synchronous heartbeat] attempt=1/6 | name=default | elapsed=240.0s | remote call active
2026-07-31 23:07:48 UTC | [synchronous heartbeat] attempt=1/6 | name=default | elapsed=255.0s | remote call active
2026-07-31 23:08:03 UTC | [synchronous heartbeat] attempt=1/6 | name=default | elapsed=270.0s | remote call active
2026-07-31 23:08:18 UTC | [synchronous heartbeat] attempt=1/6 | name=default | elapsed=285.0s | remote call active
2026-07-31 23:08:33 UTC | [synchronous heartbeat] attempt=1/6 | name=default | elapsed=300.0s | remote call active
2026-07-31 23:08:48 UTC | [synchronous heartbeat] attempt=1/6 | name=default | elapsed=315.0s | remote call active
2026-07-31 23:09:03 UTC | [synchronous heartbeat] attempt=1/6 | name=default | elapsed=330.0s | remote call active
2026-07-31 23:09:18 UTC | [synchronous heartbeat] attempt=1/6 | name=default | elapsed=345.0s | remote call active
2026-07-31 23:09:33 UTC | [synchronous heartbeat] attempt=1/6 | name=default | elapsed=360.0s | remote call active
2026-07-31 23:09:36 UTC | Synchronous training complete | best=0/9 | presence=0.0% | elapsed=363.836s
2026-07-31 23:09:36 UTC | Output: public/gomyway-jimmy-paige-v7-snippet-synchronous-training.json
