2026-07-31 23:25:04 UTC | Starting deployed-worker training | payload=1.30 MiB | attempts=6
2026-07-31 23:25:05 UTC | Attempt 1/6 submitted | function=default | retry=1/3 | callId=fc-01KYX7XRFPTS56M2NZVPAEKR2M
2026-07-31 23:25:09 UTC | [worker-start heartbeat] attempt=1/6 | retry=1/3 | elapsed=0.0s | taskId=- | callId=fc-01KYX7XRFPTS56M2NZVPAEKR2M
2026-07-31 23:25:24 UTC | [worker-start heartbeat] attempt=1/6 | retry=1/3 | elapsed=19.2s | taskId=- | callId=fc-01KYX7XRFPTS56M2NZVPAEKR2M
2026-07-31 23:25:39 UTC | Attempt 1/6 complete | events=115 | correct=0/9
2026-07-31 23:25:40 UTC | Attempt 2/6 submitted | function=lower_onset | retry=1/3 | callId=fc-01KYX7YTNJ91FH26KF80FWWZ4A
2026-07-31 23:25:43 UTC | [worker-start heartbeat] attempt=2/6 | retry=1/3 | elapsed=0.0s | taskId=- | callId=fc-01KYX7YTNJ91FH26KF80FWWZ4A
2026-07-31 23:25:58 UTC | [worker-start heartbeat] attempt=2/6 | retry=1/3 | elapsed=18.3s | taskId=- | callId=fc-01KYX7YTNJ91FH26KF80FWWZ4A
2026-07-31 23:26:13 UTC | [worker-start heartbeat] attempt=2/6 | retry=1/3 | elapsed=33.5s | taskId=- | callId=fc-01KYX7YTNJ91FH26KF80FWWZ4A
2026-07-31 23:26:29 UTC | Attempt 2/6 complete | events=141 | correct=0/9
2026-07-31 23:26:29 UTC | Attempt 3/6 submitted | function=lower_frame | retry=1/3 | callId=fc-01KYX80B0987E36WCFSG2WNFTW
2026-07-31 23:26:32 UTC | [worker-start heartbeat] attempt=3/6 | retry=1/3 | elapsed=0.0s | taskId=- | callId=fc-01KYX80B0987E36WCFSG2WNFTW
2026-07-31 23:26:47 UTC | [worker-start heartbeat] attempt=3/6 | retry=1/3 | elapsed=17.5s | taskId=- | callId=fc-01KYX80B0987E36WCFSG2WNFTW
2026-07-31 23:27:02 UTC | [worker-start heartbeat] attempt=3/6 | retry=1/3 | elapsed=32.8s | taskId=- | callId=fc-01KYX80B0987E36WCFSG2WNFTW
2026-07-31 23:27:17 UTC | Attempt 3/6 complete | events=182 | correct=0/9
2026-07-31 23:27:18 UTC | Attempt 4/6 submitted | function=sensitive_balanced | retry=1/3 | callId=fc-01KYX81TEZZY0VPYW6TFPYTHK1
2026-07-31 23:27:19 UTC | [worker-start heartbeat] attempt=4/6 | retry=1/3 | elapsed=0.0s | taskId=- | callId=fc-01KYX81TEZZY0VPYW6TFPYTHK1
2026-07-31 23:27:34 UTC | [worker-start heartbeat] attempt=4/6 | retry=1/3 | elapsed=16.2s | taskId=- | callId=fc-01KYX81TEZZY0VPYW6TFPYTHK1
2026-07-31 23:27:49 UTC | [worker-start heartbeat] attempt=4/6 | retry=1/3 | elapsed=31.3s | taskId=- | callId=fc-01KYX81TEZZY0VPYW6TFPYTHK1
2026-07-31 23:28:05 UTC | Attempt 4/6 complete | events=269 | correct=0/9
2026-07-31 23:28:05 UTC | Attempt 5/6 submitted | function=short_note_recovery | retry=1/3 | callId=fc-01KYX838K5TWBCZSPGKRV6VEPJ
2026-07-31 23:28:07 UTC | [worker-start heartbeat] attempt=5/6 | retry=1/3 | elapsed=0.0s | taskId=- | callId=fc-01KYX838K5TWBCZSPGKRV6VEPJ
2026-07-31 23:28:23 UTC | [worker-start heartbeat] attempt=5/6 | retry=1/3 | elapsed=17.2s | taskId=- | callId=fc-01KYX838K5TWBCZSPGKRV6VEPJ
2026-07-31 23:28:38 UTC | [worker-start heartbeat] attempt=5/6 | retry=1/3 | elapsed=32.5s | taskId=- | callId=fc-01KYX838K5TWBCZSPGKRV6VEPJ
2026-07-31 23:28:53 UTC | Attempt 5/6 complete | events=278 | correct=0/9
2026-07-31 23:28:54 UTC | Attempt 6/6 submitted | function=upper_string_recovery | retry=1/3 | callId=fc-01KYX84QTZYF74XJBWCNRFH09X
2026-07-31 23:28:57 UTC | [worker-start heartbeat] attempt=6/6 | retry=1/3 | elapsed=0.0s | taskId=- | callId=fc-01KYX84QTZYF74XJBWCNRFH09X
2026-07-31 23:29:12 UTC | [worker-start heartbeat] attempt=6/6 | retry=1/3 | elapsed=18.3s | taskId=- | callId=fc-01KYX84QTZYF74XJBWCNRFH09X
2026-07-31 23:29:27 UTC | [worker-start heartbeat] attempt=6/6 | retry=1/3 | elapsed=33.5s | taskId=- | callId=fc-01KYX84QTZYF74XJBWCNRFH09X
2026-07-31 23:29:42 UTC | Attempt 6/6 complete | events=306 | correct=0/9
2026-07-31 23:29:42 UTC | Deployed training complete | best=0/9 | elapsed=278.122s
2026-07-31 23:29:42 UTC | Output: public/gomyway-jimmy-paige-deployed-training.json
