2026-08-01 06:13:39 UTC | Starting professional-scored winner frequency sweep | attempts=1 | retries=3 | timeout=300s
2026-08-01 06:13:40 UTC | Attempt 1/1 submitted | name=proven-full-song-winner-100hz | frequencyFloor=100.0Hz | retry=1/3 | callId=fc-01KYXZ9X5JQVFFS8DCNM71NBS0
2026-08-01 06:13:40 UTC | [winner-frequency heartbeat] attempt=1/1 | name=proven-full-song-winner-100hz | retry=1/3 | elapsed=0.8s | callId=fc-01KYXZ9X5JQVFFS8DCNM71NBS0
2026-08-01 06:13:55 UTC | [winner-frequency heartbeat] attempt=1/1 | name=proven-full-song-winner-100hz | retry=1/3 | elapsed=15.9s | callId=fc-01KYXZ9X5JQVFFS8DCNM71NBS0
2026-08-01 06:14:10 UTC | [winner-frequency heartbeat] attempt=1/1 | name=proven-full-song-winner-100hz | retry=1/3 | elapsed=30.9s | callId=fc-01KYXZ9X5JQVFFS8DCNM71NBS0
2026-08-01 06:14:25 UTC | [winner-frequency heartbeat] attempt=1/1 | name=proven-full-song-winner-100hz | retry=1/3 | elapsed=46.0s | callId=fc-01KYXZ9X5JQVFFS8DCNM71NBS0
2026-08-01 06:14:40 UTC | [winner-frequency heartbeat] attempt=1/1 | name=proven-full-song-winner-100hz | retry=1/3 | elapsed=61.0s | callId=fc-01KYXZ9X5JQVFFS8DCNM71NBS0
2026-08-01 06:14:55 UTC | [winner-frequency heartbeat] attempt=1/1 | name=proven-full-song-winner-100hz | retry=1/3 | elapsed=76.0s | callId=fc-01KYXZ9X5JQVFFS8DCNM71NBS0
2026-08-01 06:15:10 UTC | [winner-frequency heartbeat] attempt=1/1 | name=proven-full-song-winner-100hz | retry=1/3 | elapsed=91.1s | callId=fc-01KYXZ9X5JQVFFS8DCNM71NBS0
2026-08-01 06:15:25 UTC | [winner-frequency heartbeat] attempt=1/1 | name=proven-full-song-winner-100hz | retry=1/3 | elapsed=106.1s | callId=fc-01KYXZ9X5JQVFFS8DCNM71NBS0
2026-08-01 06:15:40 UTC | [winner-frequency heartbeat] attempt=1/1 | name=proven-full-song-winner-100hz | retry=1/3 | elapsed=121.2s | callId=fc-01KYXZ9X5JQVFFS8DCNM71NBS0
2026-08-01 06:15:55 UTC | [winner-frequency heartbeat] attempt=1/1 | name=proven-full-song-winner-100hz | retry=1/3 | elapsed=136.2s | callId=fc-01KYXZ9X5JQVFFS8DCNM71NBS0
2026-08-01 06:16:10 UTC | [winner-frequency heartbeat] attempt=1/1 | name=proven-full-song-winner-100hz | retry=1/3 | elapsed=151.3s | callId=fc-01KYXZ9X5JQVFFS8DCNM71NBS0
2026-08-01 06:16:25 UTC | [winner-frequency heartbeat] attempt=1/1 | name=proven-full-song-winner-100hz | retry=1/3 | elapsed=166.3s | callId=fc-01KYXZ9X5JQVFFS8DCNM71NBS0
2026-08-01 06:16:41 UTC | [winner-frequency heartbeat] attempt=1/1 | name=proven-full-song-winner-100hz | retry=1/3 | elapsed=181.4s | callId=fc-01KYXZ9X5JQVFFS8DCNM71NBS0
2026-08-01 06:16:56 UTC | [winner-frequency heartbeat] attempt=1/1 | name=proven-full-song-winner-100hz | retry=1/3 | elapsed=196.4s | callId=fc-01KYXZ9X5JQVFFS8DCNM71NBS0
2026-08-01 06:17:11 UTC | [winner-frequency heartbeat] attempt=1/1 | name=proven-full-song-winner-100hz | retry=1/3 | elapsed=211.5s | callId=fc-01KYXZ9X5JQVFFS8DCNM71NBS0
2026-08-01 06:17:26 UTC | [winner-frequency heartbeat] attempt=1/1 | name=proven-full-song-winner-100hz | retry=1/3 | elapsed=226.5s | callId=fc-01KYXZ9X5JQVFFS8DCNM71NBS0
2026-08-01 06:17:41 UTC | [winner-frequency heartbeat] attempt=1/1 | name=proven-full-song-winner-100hz | retry=1/3 | elapsed=241.5s | callId=fc-01KYXZ9X5JQVFFS8DCNM71NBS0
2026-08-01 06:17:56 UTC | [winner-frequency heartbeat] attempt=1/1 | name=proven-full-song-winner-100hz | retry=1/3 | elapsed=256.6s | callId=fc-01KYXZ9X5JQVFFS8DCNM71NBS0
2026-08-01 06:18:11 UTC | [winner-frequency heartbeat] attempt=1/1 | name=proven-full-song-winner-100hz | retry=1/3 | elapsed=271.6s | callId=fc-01KYXZ9X5JQVFFS8DCNM71NBS0
2026-08-01 06:18:26 UTC | [winner-frequency heartbeat] attempt=1/1 | name=proven-full-song-winner-100hz | retry=1/3 | elapsed=286.7s | callId=fc-01KYXZ9X5JQVFFS8DCNM71NBS0
2026-08-01 06:18:41 UTC | Attempt 1/1 timed out | name=proven-full-song-winner-100hz | retry=1/3 | elapsed=301.7s
2026-08-01 06:18:41 UTC | Cancelled timed-out Modal call | callId=fc-01KYXZ9X5JQVFFS8DCNM71NBS0
2026-08-01 06:18:41 UTC | Attempt 1/1 submitted | name=proven-full-song-winner-100hz | frequencyFloor=100.0Hz | retry=2/3 | callId=fc-01KYXZK3KEJMMVHR1QK7S6KVKR
2026-08-01 06:18:41 UTC | [winner-frequency heartbeat] attempt=1/1 | name=proven-full-song-winner-100hz | retry=2/3 | elapsed=0.6s | callId=fc-01KYXZK3KEJMMVHR1QK7S6KVKR
2026-08-01 06:18:57 UTC | [winner-frequency heartbeat] attempt=1/1 | name=proven-full-song-winner-100hz | retry=2/3 | elapsed=15.6s | callId=fc-01KYXZK3KEJMMVHR1QK7S6KVKR
2026-08-01 06:19:12 UTC | [winner-frequency heartbeat] attempt=1/1 | name=proven-full-song-winner-100hz | retry=2/3 | elapsed=30.7s | callId=fc-01KYXZK3KEJMMVHR1QK7S6KVKR
2026-08-01 06:19:27 UTC | [winner-frequency heartbeat] attempt=1/1 | name=proven-full-song-winner-100hz | retry=2/3 | elapsed=45.7s | callId=fc-01KYXZK3KEJMMVHR1QK7S6KVKR
2026-08-01 06:19:42 UTC | [winner-frequency heartbeat] attempt=1/1 | name=proven-full-song-winner-100hz | retry=2/3 | elapsed=60.8s | callId=fc-01KYXZK3KEJMMVHR1QK7S6KVKR
2026-08-01 06:19:57 UTC | [winner-frequency heartbeat] attempt=1/1 | name=proven-full-song-winner-100hz | retry=2/3 | elapsed=75.8s | callId=fc-01KYXZK3KEJMMVHR1QK7S6KVKR
2026-08-01 06:20:12 UTC | [winner-frequency heartbeat] attempt=1/1 | name=proven-full-song-winner-100hz | retry=2/3 | elapsed=90.8s | callId=fc-01KYXZK3KEJMMVHR1QK7S6KVKR
2026-08-01 06:20:27 UTC | [winner-frequency heartbeat] attempt=1/1 | name=proven-full-song-winner-100hz | retry=2/3 | elapsed=105.9s | callId=fc-01KYXZK3KEJMMVHR1QK7S6KVKR
2026-08-01 06:20:42 UTC | [winner-frequency heartbeat] attempt=1/1 | name=proven-full-song-winner-100hz | retry=2/3 | elapsed=120.9s | callId=fc-01KYXZK3KEJMMVHR1QK7S6KVKR
2026-08-01 06:20:57 UTC | [winner-frequency heartbeat] attempt=1/1 | name=proven-full-song-winner-100hz | retry=2/3 | elapsed=136.0s | callId=fc-01KYXZK3KEJMMVHR1QK7S6KVKR
2026-08-01 06:21:12 UTC | [winner-frequency heartbeat] attempt=1/1 | name=proven-full-song-winner-100hz | retry=2/3 | elapsed=151.0s | callId=fc-01KYXZK3KEJMMVHR1QK7S6KVKR
2026-08-01 06:21:27 UTC | [winner-frequency heartbeat] attempt=1/1 | name=proven-full-song-winner-100hz | retry=2/3 | elapsed=166.0s | callId=fc-01KYXZK3KEJMMVHR1QK7S6KVKR
2026-08-01 06:21:42 UTC | [winner-frequency heartbeat] attempt=1/1 | name=proven-full-song-winner-100hz | retry=2/3 | elapsed=181.1s | callId=fc-01KYXZK3KEJMMVHR1QK7S6KVKR
2026-08-01 06:21:57 UTC | [winner-frequency heartbeat] attempt=1/1 | name=proven-full-song-winner-100hz | retry=2/3 | elapsed=196.1s | callId=fc-01KYXZK3KEJMMVHR1QK7S6KVKR
2026-08-01 06:22:12 UTC | [winner-frequency heartbeat] attempt=1/1 | name=proven-full-song-winner-100hz | retry=2/3 | elapsed=211.1s | callId=fc-01KYXZK3KEJMMVHR1QK7S6KVKR
2026-08-01 06:22:27 UTC | [winner-frequency heartbeat] attempt=1/1 | name=proven-full-song-winner-100hz | retry=2/3 | elapsed=226.2s | callId=fc-01KYXZK3KEJMMVHR1QK7S6KVKR
2026-08-01 06:22:42 UTC | [winner-frequency heartbeat] attempt=1/1 | name=proven-full-song-winner-100hz | retry=2/3 | elapsed=241.2s | callId=fc-01KYXZK3KEJMMVHR1QK7S6KVKR
2026-08-01 06:22:57 UTC | [winner-frequency heartbeat] attempt=1/1 | name=proven-full-song-winner-100hz | retry=2/3 | elapsed=256.3s | callId=fc-01KYXZK3KEJMMVHR1QK7S6KVKR
2026-08-01 06:23:12 UTC | [winner-frequency heartbeat] attempt=1/1 | name=proven-full-song-winner-100hz | retry=2/3 | elapsed=271.3s | callId=fc-01KYXZK3KEJMMVHR1QK7S6KVKR
2026-08-01 06:23:27 UTC | [winner-frequency heartbeat] attempt=1/1 | name=proven-full-song-winner-100hz | retry=2/3 | elapsed=286.3s | callId=fc-01KYXZK3KEJMMVHR1QK7S6KVKR
2026-08-01 06:23:42 UTC | Attempt 1/1 timed out | name=proven-full-song-winner-100hz | retry=2/3 | elapsed=301.4s
2026-08-01 06:23:42 UTC | Cancelled timed-out Modal call | callId=fc-01KYXZK3KEJMMVHR1QK7S6KVKR
2026-08-01 06:23:43 UTC | Attempt 1/1 submitted | name=proven-full-song-winner-100hz | frequencyFloor=100.0Hz | retry=3/3 | callId=fc-01KYXZW9ZJJ9NSHMHS34FQN5XK
2026-08-01 06:23:43 UTC | [winner-frequency heartbeat] attempt=1/1 | name=proven-full-song-winner-100hz | retry=3/3 | elapsed=0.6s | callId=fc-01KYXZW9ZJJ9NSHMHS34FQN5XK
2026-08-01 06:23:58 UTC | [winner-frequency heartbeat] attempt=1/1 | name=proven-full-song-winner-100hz | retry=3/3 | elapsed=15.6s | callId=fc-01KYXZW9ZJJ9NSHMHS34FQN5XK
2026-08-01 06:24:13 UTC | [winner-frequency heartbeat] attempt=1/1 | name=proven-full-song-winner-100hz | retry=3/3 | elapsed=30.7s | callId=fc-01KYXZW9ZJJ9NSHMHS34FQN5XK
2026-08-01 06:24:28 UTC | [winner-frequency heartbeat] attempt=1/1 | name=proven-full-song-winner-100hz | retry=3/3 | elapsed=45.7s | callId=fc-01KYXZW9ZJJ9NSHMHS34FQN5XK
2026-08-01 06:24:43 UTC | [winner-frequency heartbeat] attempt=1/1 | name=proven-full-song-winner-100hz | retry=3/3 | elapsed=60.8s | callId=fc-01KYXZW9ZJJ9NSHMHS34FQN5XK
2026-08-01 06:24:58 UTC | [winner-frequency heartbeat] attempt=1/1 | name=proven-full-song-winner-100hz | retry=3/3 | elapsed=75.8s | callId=fc-01KYXZW9ZJJ9NSHMHS34FQN5XK
2026-08-01 06:25:13 UTC | [winner-frequency heartbeat] attempt=1/1 | name=proven-full-song-winner-100hz | retry=3/3 | elapsed=90.9s | callId=fc-01KYXZW9ZJJ9NSHMHS34FQN5XK
2026-08-01 06:25:28 UTC | [winner-frequency heartbeat] attempt=1/1 | name=proven-full-song-winner-100hz | retry=3/3 | elapsed=105.9s | callId=fc-01KYXZW9ZJJ9NSHMHS34FQN5XK
2026-08-01 06:25:43 UTC | [winner-frequency heartbeat] attempt=1/1 | name=proven-full-song-winner-100hz | retry=3/3 | elapsed=121.0s | callId=fc-01KYXZW9ZJJ9NSHMHS34FQN5XK
2026-08-01 06:25:58 UTC | [winner-frequency heartbeat] attempt=1/1 | name=proven-full-song-winner-100hz | retry=3/3 | elapsed=136.0s | callId=fc-01KYXZW9ZJJ9NSHMHS34FQN5XK
2026-08-01 06:26:13 UTC | [winner-frequency heartbeat] attempt=1/1 | name=proven-full-song-winner-100hz | retry=3/3 | elapsed=151.0s | callId=fc-01KYXZW9ZJJ9NSHMHS34FQN5XK
2026-08-01 06:26:28 UTC | [winner-frequency heartbeat] attempt=1/1 | name=proven-full-song-winner-100hz | retry=3/3 | elapsed=166.1s | callId=fc-01KYXZW9ZJJ9NSHMHS34FQN5XK
2026-08-01 06:26:43 UTC | [winner-frequency heartbeat] attempt=1/1 | name=proven-full-song-winner-100hz | retry=3/3 | elapsed=181.1s | callId=fc-01KYXZW9ZJJ9NSHMHS34FQN5XK
2026-08-01 06:26:59 UTC | [winner-frequency heartbeat] attempt=1/1 | name=proven-full-song-winner-100hz | retry=3/3 | elapsed=196.2s | callId=fc-01KYXZW9ZJJ9NSHMHS34FQN5XK
2026-08-01 06:27:14 UTC | [winner-frequency heartbeat] attempt=1/1 | name=proven-full-song-winner-100hz | retry=3/3 | elapsed=211.2s | callId=fc-01KYXZW9ZJJ9NSHMHS34FQN5XK
2026-08-01 06:27:29 UTC | [winner-frequency heartbeat] attempt=1/1 | name=proven-full-song-winner-100hz | retry=3/3 | elapsed=226.2s | callId=fc-01KYXZW9ZJJ9NSHMHS34FQN5XK
2026-08-01 06:27:44 UTC | [winner-frequency heartbeat] attempt=1/1 | name=proven-full-song-winner-100hz | retry=3/3 | elapsed=241.3s | callId=fc-01KYXZW9ZJJ9NSHMHS34FQN5XK
2026-08-01 06:27:59 UTC | [winner-frequency heartbeat] attempt=1/1 | name=proven-full-song-winner-100hz | retry=3/3 | elapsed=256.3s | callId=fc-01KYXZW9ZJJ9NSHMHS34FQN5XK
2026-08-01 06:28:14 UTC | [winner-frequency heartbeat] attempt=1/1 | name=proven-full-song-winner-100hz | retry=3/3 | elapsed=271.4s | callId=fc-01KYXZW9ZJJ9NSHMHS34FQN5XK
2026-08-01 06:28:29 UTC | [winner-frequency heartbeat] attempt=1/1 | name=proven-full-song-winner-100hz | retry=3/3 | elapsed=286.4s | callId=fc-01KYXZW9ZJJ9NSHMHS34FQN5XK
2026-08-01 06:28:44 UTC | Attempt 1/1 timed out | name=proven-full-song-winner-100hz | retry=3/3 | elapsed=301.5s
2026-08-01 06:28:44 UTC | Cancelled timed-out Modal call | callId=fc-01KYXZW9ZJJ9NSHMHS34FQN5XK
2026-08-01 06:28:44 UTC | Frequency sweep complete | no configuration passed the MIDI 52/62 guard
2026-08-01 06:28:44 UTC | Output: public/gomyway-jimmy-paige-low-register-recovery-training.json
