2026-07-31 22:03:21 UTC | Starting bounded Jimmy PAIge training on proven V7 snippet | payload=1.30 MiB | attempts=6
2026-07-31 22:03:23 UTC | Attempt 1/6 submitted | name=default | callId=fc-01KYX385JHAN8QP4TAGT9WY9ZX
2026-07-31 22:03:23 UTC | [training heartbeat] attempt=1/6 | name=default | elapsed=1.0s | callId=fc-01KYX385JHAN8QP4TAGT9WY9ZX
2026-07-31 22:03:38 UTC | [training heartbeat] attempt=1/6 | name=default | elapsed=16.0s | callId=fc-01KYX385JHAN8QP4TAGT9WY9ZX
2026-07-31 22:03:53 UTC | [training heartbeat] attempt=1/6 | name=default | elapsed=31.1s | callId=fc-01KYX385JHAN8QP4TAGT9WY9ZX
2026-07-31 22:04:08 UTC | [training heartbeat] attempt=1/6 | name=default | elapsed=46.1s | callId=fc-01KYX385JHAN8QP4TAGT9WY9ZX
2026-07-31 22:04:23 UTC | [training heartbeat] attempt=1/6 | name=default | elapsed=61.2s | callId=fc-01KYX385JHAN8QP4TAGT9WY9ZX
2026-07-31 22:04:38 UTC | [training heartbeat] attempt=1/6 | name=default | elapsed=76.2s | callId=fc-01KYX385JHAN8QP4TAGT9WY9ZX
2026-07-31 22:04:53 UTC | [training heartbeat] attempt=1/6 | name=default | elapsed=91.3s | callId=fc-01KYX385JHAN8QP4TAGT9WY9ZX
2026-07-31 22:05:08 UTC | [training heartbeat] attempt=1/6 | name=default | elapsed=106.3s | callId=fc-01KYX385JHAN8QP4TAGT9WY9ZX
2026-07-31 22:05:23 UTC | [training heartbeat] attempt=1/6 | name=default | elapsed=121.4s | callId=fc-01KYX385JHAN8QP4TAGT9WY9ZX
2026-07-31 22:05:39 UTC | [training heartbeat] attempt=1/6 | name=default | elapsed=136.5s | callId=fc-01KYX385JHAN8QP4TAGT9WY9ZX
2026-07-31 22:05:54 UTC | [training heartbeat] attempt=1/6 | name=default | elapsed=151.5s | callId=fc-01KYX385JHAN8QP4TAGT9WY9ZX
2026-07-31 22:06:09 UTC | [training heartbeat] attempt=1/6 | name=default | elapsed=166.6s | callId=fc-01KYX385JHAN8QP4TAGT9WY9ZX
2026-07-31 22:06:24 UTC | [training heartbeat] attempt=1/6 | name=default | elapsed=181.6s | callId=fc-01KYX385JHAN8QP4TAGT9WY9ZX
2026-07-31 22:06:39 UTC | [training heartbeat] attempt=1/6 | name=default | elapsed=196.7s | callId=fc-01KYX385JHAN8QP4TAGT9WY9ZX
2026-07-31 22:06:54 UTC | [training heartbeat] attempt=1/6 | name=default | elapsed=211.7s | callId=fc-01KYX385JHAN8QP4TAGT9WY9ZX
2026-07-31 22:07:09 UTC | [training heartbeat] attempt=1/6 | name=default | elapsed=226.7s | callId=fc-01KYX385JHAN8QP4TAGT9WY9ZX
2026-07-31 22:07:24 UTC | [training heartbeat] attempt=1/6 | name=default | elapsed=241.8s | callId=fc-01KYX385JHAN8QP4TAGT9WY9ZX
2026-07-31 22:07:39 UTC | [training heartbeat] attempt=1/6 | name=default | elapsed=256.8s | callId=fc-01KYX385JHAN8QP4TAGT9WY9ZX
2026-07-31 22:07:54 UTC | [training heartbeat] attempt=1/6 | name=default | elapsed=271.9s | callId=fc-01KYX385JHAN8QP4TAGT9WY9ZX
2026-07-31 22:08:09 UTC | [training heartbeat] attempt=1/6 | name=default | elapsed=286.9s | callId=fc-01KYX385JHAN8QP4TAGT9WY9ZX
2026-07-31 22:08:24 UTC | [training heartbeat] attempt=1/6 | name=default | elapsed=301.9s | callId=fc-01KYX385JHAN8QP4TAGT9WY9ZX
2026-07-31 22:08:39 UTC | [training heartbeat] attempt=1/6 | name=default | elapsed=317.0s | callId=fc-01KYX385JHAN8QP4TAGT9WY9ZX
2026-07-31 22:08:54 UTC | [training heartbeat] attempt=1/6 | name=default | elapsed=332.0s | callId=fc-01KYX385JHAN8QP4TAGT9WY9ZX
2026-07-31 22:09:09 UTC | [training heartbeat] attempt=1/6 | name=default | elapsed=347.1s | callId=fc-01KYX385JHAN8QP4TAGT9WY9ZX
2026-07-31 22:09:24 UTC | [training heartbeat] attempt=1/6 | name=default | elapsed=362.1s | callId=fc-01KYX385JHAN8QP4TAGT9WY9ZX
2026-07-31 22:09:39 UTC | [training heartbeat] attempt=1/6 | name=default | elapsed=377.2s | callId=fc-01KYX385JHAN8QP4TAGT9WY9ZX
2026-07-31 22:09:54 UTC | [training heartbeat] attempt=1/6 | name=default | elapsed=392.2s | callId=fc-01KYX385JHAN8QP4TAGT9WY9ZX
2026-07-31 22:10:09 UTC | [training heartbeat] attempt=1/6 | name=default | elapsed=407.2s | callId=fc-01KYX385JHAN8QP4TAGT9WY9ZX
2026-07-31 22:10:24 UTC | [training heartbeat] attempt=1/6 | name=default | elapsed=422.3s | callId=fc-01KYX385JHAN8QP4TAGT9WY9ZX
2026-07-31 22:10:39 UTC | [training heartbeat] attempt=1/6 | name=default | elapsed=437.3s | callId=fc-01KYX385JHAN8QP4TAGT9WY9ZX
2026-07-31 22:10:55 UTC | [training heartbeat] attempt=1/6 | name=default | elapsed=452.4s | callId=fc-01KYX385JHAN8QP4TAGT9WY9ZX
2026-07-31 22:11:10 UTC | [training heartbeat] attempt=1/6 | name=default | elapsed=467.4s | callId=fc-01KYX385JHAN8QP4TAGT9WY9ZX
2026-07-31 22:11:25 UTC | [training heartbeat] attempt=1/6 | name=default | elapsed=482.5s | callId=fc-01KYX385JHAN8QP4TAGT9WY9ZX
2026-07-31 22:11:40 UTC | [training heartbeat] attempt=1/6 | name=default | elapsed=497.5s | callId=fc-01KYX385JHAN8QP4TAGT9WY9ZX
2026-07-31 22:11:55 UTC | [training heartbeat] attempt=1/6 | name=default | elapsed=512.5s | callId=fc-01KYX385JHAN8QP4TAGT9WY9ZX
2026-07-31 22:12:10 UTC | [training heartbeat] attempt=1/6 | name=default | elapsed=527.6s | callId=fc-01KYX385JHAN8QP4TAGT9WY9ZX
2026-07-31 22:12:25 UTC | [training heartbeat] attempt=1/6 | name=default | elapsed=542.7s | callId=fc-01KYX385JHAN8QP4TAGT9WY9ZX
2026-07-31 22:12:40 UTC | [training heartbeat] attempt=1/6 | name=default | elapsed=557.7s | callId=fc-01KYX385JHAN8QP4TAGT9WY9ZX
2026-07-31 22:12:55 UTC | [training heartbeat] attempt=1/6 | name=default | elapsed=572.8s | callId=fc-01KYX385JHAN8QP4TAGT9WY9ZX
2026-07-31 22:13:10 UTC | [training heartbeat] attempt=1/6 | name=default | elapsed=587.9s | callId=fc-01KYX385JHAN8QP4TAGT9WY9ZX
2026-07-31 22:13:25 UTC | [training heartbeat] attempt=1/6 | name=default | elapsed=602.9s | callId=fc-01KYX385JHAN8QP4TAGT9WY9ZX
2026-07-31 22:13:40 UTC | [training heartbeat] attempt=1/6 | name=default | elapsed=617.9s | callId=fc-01KYX385JHAN8QP4TAGT9WY9ZX
2026-07-31 22:13:55 UTC | [training heartbeat] attempt=1/6 | name=default | elapsed=633.0s | callId=fc-01KYX385JHAN8QP4TAGT9WY9ZX
2026-07-31 22:14:10 UTC | [training heartbeat] attempt=1/6 | name=default | elapsed=648.1s | callId=fc-01KYX385JHAN8QP4TAGT9WY9ZX
2026-07-31 22:14:25 UTC | [training heartbeat] attempt=1/6 | name=default | elapsed=663.1s | callId=fc-01KYX385JHAN8QP4TAGT9WY9ZX
2026-07-31 22:14:40 UTC | [training heartbeat] attempt=1/6 | name=default | elapsed=678.2s | callId=fc-01KYX385JHAN8QP4TAGT9WY9ZX
2026-07-31 22:14:55 UTC | [training heartbeat] attempt=1/6 | name=default | elapsed=693.2s | callId=fc-01KYX385JHAN8QP4TAGT9WY9ZX
2026-07-31 22:15:10 UTC | [training heartbeat] attempt=1/6 | name=default | elapsed=708.3s | callId=fc-01KYX385JHAN8QP4TAGT9WY9ZX
2026-07-31 22:15:25 UTC | [training heartbeat] attempt=1/6 | name=default | elapsed=723.3s | callId=fc-01KYX385JHAN8QP4TAGT9WY9ZX
2026-07-31 22:15:41 UTC | [training heartbeat] attempt=1/6 | name=default | elapsed=738.4s | callId=fc-01KYX385JHAN8QP4TAGT9WY9ZX
2026-07-31 22:15:56 UTC | [training heartbeat] attempt=1/6 | name=default | elapsed=753.4s | callId=fc-01KYX385JHAN8QP4TAGT9WY9ZX
2026-07-31 22:16:11 UTC | [training heartbeat] attempt=1/6 | name=default | elapsed=768.5s | callId=fc-01KYX385JHAN8QP4TAGT9WY9ZX
2026-07-31 22:16:26 UTC | [training heartbeat] attempt=1/6 | name=default | elapsed=783.5s | callId=fc-01KYX385JHAN8QP4TAGT9WY9ZX
2026-07-31 22:16:41 UTC | [training heartbeat] attempt=1/6 | name=default | elapsed=798.6s | callId=fc-01KYX385JHAN8QP4TAGT9WY9ZX
2026-07-31 22:16:56 UTC | [training heartbeat] attempt=1/6 | name=default | elapsed=813.6s | callId=fc-01KYX385JHAN8QP4TAGT9WY9ZX
2026-07-31 22:17:11 UTC | [training heartbeat] attempt=1/6 | name=default | elapsed=828.7s | callId=fc-01KYX385JHAN8QP4TAGT9WY9ZX
2026-07-31 22:17:26 UTC | [training heartbeat] attempt=1/6 | name=default | elapsed=843.7s | callId=fc-01KYX385JHAN8QP4TAGT9WY9ZX
2026-07-31 22:17:41 UTC | [training heartbeat] attempt=1/6 | name=default | elapsed=858.7s | callId=fc-01KYX385JHAN8QP4TAGT9WY9ZX
2026-07-31 22:17:56 UTC | [training heartbeat] attempt=1/6 | name=default | elapsed=873.8s | callId=fc-01KYX385JHAN8QP4TAGT9WY9ZX
2026-07-31 22:18:11 UTC | [training heartbeat] attempt=1/6 | name=default | elapsed=888.8s | callId=fc-01KYX385JHAN8QP4TAGT9WY9ZX
2026-07-31 22:18:26 UTC | [training heartbeat] attempt=1/6 | name=default | elapsed=903.9s | callId=fc-01KYX385JHAN8QP4TAGT9WY9ZX
2026-07-31 22:18:41 UTC | [training heartbeat] attempt=1/6 | name=default | elapsed=918.9s | callId=fc-01KYX385JHAN8QP4TAGT9WY9ZX
2026-07-31 22:18:56 UTC | [training heartbeat] attempt=1/6 | name=default | elapsed=934.0s | callId=fc-01KYX385JHAN8QP4TAGT9WY9ZX
2026-07-31 22:19:11 UTC | [training heartbeat] attempt=1/6 | name=default | elapsed=949.0s | callId=fc-01KYX385JHAN8QP4TAGT9WY9ZX
2026-07-31 22:19:26 UTC | [training heartbeat] attempt=1/6 | name=default | elapsed=964.1s | callId=fc-01KYX385JHAN8QP4TAGT9WY9ZX
2026-07-31 22:19:41 UTC | [training heartbeat] attempt=1/6 | name=default | elapsed=979.1s | callId=fc-01KYX385JHAN8QP4TAGT9WY9ZX
2026-07-31 22:19:56 UTC | [training heartbeat] attempt=1/6 | name=default | elapsed=994.1s | callId=fc-01KYX385JHAN8QP4TAGT9WY9ZX
2026-07-31 22:20:11 UTC | [training heartbeat] attempt=1/6 | name=default | elapsed=1009.2s | callId=fc-01KYX385JHAN8QP4TAGT9WY9ZX
2026-07-31 22:20:26 UTC | [training heartbeat] attempt=1/6 | name=default | elapsed=1024.2s | callId=fc-01KYX385JHAN8QP4TAGT9WY9ZX
2026-07-31 22:20:41 UTC | [training heartbeat] attempt=1/6 | name=default | elapsed=1039.2s | callId=fc-01KYX385JHAN8QP4TAGT9WY9ZX
2026-07-31 22:20:56 UTC | [training heartbeat] attempt=1/6 | name=default | elapsed=1054.3s | callId=fc-01KYX385JHAN8QP4TAGT9WY9ZX
2026-07-31 22:21:11 UTC | [training heartbeat] attempt=1/6 | name=default | elapsed=1069.3s | callId=fc-01KYX385JHAN8QP4TAGT9WY9ZX
2026-07-31 22:21:27 UTC | [training heartbeat] attempt=1/6 | name=default | elapsed=1084.4s | callId=fc-01KYX385JHAN8QP4TAGT9WY9ZX
2026-07-31 22:21:42 UTC | [training heartbeat] attempt=1/6 | name=default | elapsed=1099.4s | callId=fc-01KYX385JHAN8QP4TAGT9WY9ZX
2026-07-31 22:21:57 UTC | [training heartbeat] attempt=1/6 | name=default | elapsed=1114.5s | callId=fc-01KYX385JHAN8QP4TAGT9WY9ZX
2026-07-31 22:22:12 UTC | [training heartbeat] attempt=1/6 | name=default | elapsed=1129.5s | callId=fc-01KYX385JHAN8QP4TAGT9WY9ZX
2026-07-31 22:22:27 UTC | [training heartbeat] attempt=1/6 | name=default | elapsed=1144.6s | callId=fc-01KYX385JHAN8QP4TAGT9WY9ZX
2026-07-31 22:22:42 UTC | [training heartbeat] attempt=1/6 | name=default | elapsed=1159.6s | callId=fc-01KYX385JHAN8QP4TAGT9WY9ZX
2026-07-31 22:22:57 UTC | [training heartbeat] attempt=1/6 | name=default | elapsed=1174.6s | callId=fc-01KYX385JHAN8QP4TAGT9WY9ZX
2026-07-31 22:23:12 UTC | [training heartbeat] attempt=1/6 | name=default | elapsed=1189.7s | callId=fc-01KYX385JHAN8QP4TAGT9WY9ZX
2026-07-31 22:23:27 UTC | [training heartbeat] attempt=1/6 | name=default | elapsed=1204.7s | callId=fc-01KYX385JHAN8QP4TAGT9WY9ZX
2026-07-31 22:23:42 UTC | [training heartbeat] attempt=1/6 | name=default | elapsed=1219.8s | callId=fc-01KYX385JHAN8QP4TAGT9WY9ZX
2026-07-31 22:23:57 UTC | [training heartbeat] attempt=1/6 | name=default | elapsed=1234.8s | callId=fc-01KYX385JHAN8QP4TAGT9WY9ZX
2026-07-31 22:24:12 UTC | [training heartbeat] attempt=1/6 | name=default | elapsed=1249.8s | callId=fc-01KYX385JHAN8QP4TAGT9WY9ZX
2026-07-31 22:24:27 UTC | [training heartbeat] attempt=1/6 | name=default | elapsed=1264.9s | callId=fc-01KYX385JHAN8QP4TAGT9WY9ZX
2026-07-31 22:24:42 UTC | [training heartbeat] attempt=1/6 | name=default | elapsed=1279.9s | callId=fc-01KYX385JHAN8QP4TAGT9WY9ZX
2026-07-31 22:24:57 UTC | [training heartbeat] attempt=1/6 | name=default | elapsed=1295.0s | callId=fc-01KYX385JHAN8QP4TAGT9WY9ZX
2026-07-31 22:25:12 UTC | [training heartbeat] attempt=1/6 | name=default | elapsed=1310.0s | callId=fc-01KYX385JHAN8QP4TAGT9WY9ZX
2026-07-31 22:25:27 UTC | [training heartbeat] attempt=1/6 | name=default | elapsed=1325.1s | callId=fc-01KYX385JHAN8QP4TAGT9WY9ZX
2026-07-31 22:25:42 UTC | [training heartbeat] attempt=1/6 | name=default | elapsed=1340.1s | callId=fc-01KYX385JHAN8QP4TAGT9WY9ZX
2026-07-31 22:25:57 UTC | [training heartbeat] attempt=1/6 | name=default | elapsed=1355.2s | callId=fc-01KYX385JHAN8QP4TAGT9WY9ZX
2026-07-31 22:26:12 UTC | [training heartbeat] attempt=1/6 | name=default | elapsed=1370.2s | callId=fc-01KYX385JHAN8QP4TAGT9WY9ZX
2026-07-31 22:26:27 UTC | [training heartbeat] attempt=1/6 | name=default | elapsed=1385.2s | callId=fc-01KYX385JHAN8QP4TAGT9WY9ZX
2026-07-31 22:26:42 UTC | [training heartbeat] attempt=1/6 | name=default | elapsed=1400.3s | callId=fc-01KYX385JHAN8QP4TAGT9WY9ZX
2026-07-31 22:26:57 UTC | [training heartbeat] attempt=1/6 | name=default | elapsed=1415.3s | callId=fc-01KYX385JHAN8QP4TAGT9WY9ZX
2026-07-31 22:27:13 UTC | [training heartbeat] attempt=1/6 | name=default | elapsed=1430.4s | callId=fc-01KYX385JHAN8QP4TAGT9WY9ZX
2026-07-31 22:27:30 UTC | [training heartbeat] attempt=1/6 | name=default | elapsed=1447.8s | callId=fc-01KYX385JHAN8QP4TAGT9WY9ZX
2026-07-31 22:27:45 UTC | [training heartbeat] attempt=1/6 | name=default | elapsed=1462.8s | callId=fc-01KYX385JHAN8QP4TAGT9WY9ZX
2026-07-31 22:28:00 UTC | [training heartbeat] attempt=1/6 | name=default | elapsed=1477.9s | callId=fc-01KYX385JHAN8QP4TAGT9WY9ZX
2026-07-31 22:28:15 UTC | [training heartbeat] attempt=1/6 | name=default | elapsed=1492.9s | callId=fc-01KYX385JHAN8QP4TAGT9WY9ZX
2026-07-31 22:28:30 UTC | [training heartbeat] attempt=1/6 | name=default | elapsed=1508.0s | callId=fc-01KYX385JHAN8QP4TAGT9WY9ZX
2026-07-31 22:28:45 UTC | [training heartbeat] attempt=1/6 | name=default | elapsed=1523.0s | callId=fc-01KYX385JHAN8QP4TAGT9WY9ZX
2026-07-31 22:29:00 UTC | [training heartbeat] attempt=1/6 | name=default | elapsed=1538.1s | callId=fc-01KYX385JHAN8QP4TAGT9WY9ZX
2026-07-31 22:29:15 UTC | [training heartbeat] attempt=1/6 | name=default | elapsed=1553.1s | callId=fc-01KYX385JHAN8QP4TAGT9WY9ZX
2026-07-31 22:29:30 UTC | [training heartbeat] attempt=1/6 | name=default | elapsed=1568.2s | callId=fc-01KYX385JHAN8QP4TAGT9WY9ZX
2026-07-31 22:29:45 UTC | [training heartbeat] attempt=1/6 | name=default | elapsed=1583.2s | callId=fc-01KYX385JHAN8QP4TAGT9WY9ZX
2026-07-31 22:30:00 UTC | [training heartbeat] attempt=1/6 | name=default | elapsed=1598.3s | callId=fc-01KYX385JHAN8QP4TAGT9WY9ZX
2026-07-31 22:30:15 UTC | [training heartbeat] attempt=1/6 | name=default | elapsed=1613.3s | callId=fc-01KYX385JHAN8QP4TAGT9WY9ZX
2026-07-31 22:30:30 UTC | [training heartbeat] attempt=1/6 | name=default | elapsed=1628.4s | callId=fc-01KYX385JHAN8QP4TAGT9WY9ZX
2026-07-31 22:30:46 UTC | [training heartbeat] attempt=1/6 | name=default | elapsed=1643.4s | callId=fc-01KYX385JHAN8QP4TAGT9WY9ZX
2026-07-31 22:31:01 UTC | [training heartbeat] attempt=1/6 | name=default | elapsed=1658.5s | callId=fc-01KYX385JHAN8QP4TAGT9WY9ZX
2026-07-31 22:31:16 UTC | [training heartbeat] attempt=1/6 | name=default | elapsed=1673.5s | callId=fc-01KYX385JHAN8QP4TAGT9WY9ZX
2026-07-31 22:31:31 UTC | [training heartbeat] attempt=1/6 | name=default | elapsed=1688.6s | callId=fc-01KYX385JHAN8QP4TAGT9WY9ZX
2026-07-31 22:31:46 UTC | [training heartbeat] attempt=1/6 | name=default | elapsed=1703.6s | callId=fc-01KYX385JHAN8QP4TAGT9WY9ZX
2026-07-31 22:32:01 UTC | [training heartbeat] attempt=1/6 | name=default | elapsed=1718.7s | callId=fc-01KYX385JHAN8QP4TAGT9WY9ZX
2026-07-31 22:32:16 UTC | [training heartbeat] attempt=1/6 | name=default | elapsed=1733.7s | callId=fc-01KYX385JHAN8QP4TAGT9WY9ZX
2026-07-31 22:32:31 UTC | [training heartbeat] attempt=1/6 | name=default | elapsed=1748.8s | callId=fc-01KYX385JHAN8QP4TAGT9WY9ZX
2026-07-31 22:32:46 UTC | [training heartbeat] attempt=1/6 | name=default | elapsed=1763.8s | callId=fc-01KYX385JHAN8QP4TAGT9WY9ZX
2026-07-31 22:33:01 UTC | [training heartbeat] attempt=1/6 | name=default | elapsed=1778.8s | callId=fc-01KYX385JHAN8QP4TAGT9WY9ZX
2026-07-31 22:33:16 UTC | [training heartbeat] attempt=1/6 | name=default | elapsed=1793.9s | callId=fc-01KYX385JHAN8QP4TAGT9WY9ZX
2026-07-31 22:33:31 UTC | [training heartbeat] attempt=1/6 | name=default | elapsed=1808.9s | callId=fc-01KYX385JHAN8QP4TAGT9WY9ZX
2026-07-31 22:33:46 UTC | [training heartbeat] attempt=1/6 | name=default | elapsed=1824.0s | callId=fc-01KYX385JHAN8QP4TAGT9WY9ZX
2026-07-31 22:34:01 UTC | [training heartbeat] attempt=1/6 | name=default | elapsed=1839.2s | callId=fc-01KYX385JHAN8QP4TAGT9WY9ZX
2026-07-31 22:34:16 UTC | [training heartbeat] attempt=1/6 | name=default | elapsed=1854.2s | callId=fc-01KYX385JHAN8QP4TAGT9WY9ZX
2026-07-31 22:34:31 UTC | [training heartbeat] attempt=1/6 | name=default | elapsed=1869.3s | callId=fc-01KYX385JHAN8QP4TAGT9WY9ZX
2026-07-31 22:34:46 UTC | [training heartbeat] attempt=1/6 | name=default | elapsed=1884.4s | callId=fc-01KYX385JHAN8QP4TAGT9WY9ZX
2026-07-31 22:35:02 UTC | [training heartbeat] attempt=1/6 | name=default | elapsed=1899.4s | callId=fc-01KYX385JHAN8QP4TAGT9WY9ZX
2026-07-31 22:35:17 UTC | [training heartbeat] attempt=1/6 | name=default | elapsed=1914.4s | callId=fc-01KYX385JHAN8QP4TAGT9WY9ZX
2026-07-31 22:35:32 UTC | [training heartbeat] attempt=1/6 | name=default | elapsed=1929.5s | callId=fc-01KYX385JHAN8QP4TAGT9WY9ZX
2026-07-31 22:35:47 UTC | [training heartbeat] attempt=1/6 | name=default | elapsed=1944.5s | callId=fc-01KYX385JHAN8QP4TAGT9WY9ZX
2026-07-31 22:36:02 UTC | [training heartbeat] attempt=1/6 | name=default | elapsed=1959.6s | callId=fc-01KYX385JHAN8QP4TAGT9WY9ZX
2026-07-31 22:36:17 UTC | [training heartbeat] attempt=1/6 | name=default | elapsed=1974.6s | callId=fc-01KYX385JHAN8QP4TAGT9WY9ZX
2026-07-31 22:36:32 UTC | [training heartbeat] attempt=1/6 | name=default | elapsed=1989.7s | callId=fc-01KYX385JHAN8QP4TAGT9WY9ZX
2026-07-31 22:36:36 UTC | Bounded training complete | best=0/9 | presence=0.0% | elapsed=1995.271s
2026-07-31 22:36:36 UTC | Output: public/gomyway-jimmy-paige-v7-snippet-bounded-training.json
