Submitting a new detached Jimmy PAIge single-attempt timing test.
Submitting detached Jimmy PAIge full-song timing run...
Detached run submitted successfully.
Call ID: fc-01KYWBNST0FEC3TC85SSVR929D
State: public/gomyway-jimmy-paige-em-riff-single-attempt-detached-state.json
The Modal job can continue after Codespaces disconnects.
Check later with: python analyzer/collect_jimmy_paige_single_attempt_detached.py
[single-run heartbeat] Fri Jul 31 15:11:24 UTC 2026 | elapsed=0m | status=submitted | callId=fc-01KYWBNST0FEC3TC85SSVR929D
[single-run heartbeat] Fri Jul 31 15:12:24 UTC 2026 | elapsed=1m | status=submitted | callId=fc-01KYWBNST0FEC3TC85SSVR929D
Detached Jimmy PAIge run is still working.
Call ID: fc-01KYWBNST0FEC3TC85SSVR929D
Elapsed: 62.2 seconds
No result is available yet. Run this collector again later.
[single-run heartbeat] Fri Jul 31 15:13:25 UTC 2026 | elapsed=2m | status=submitted | callId=fc-01KYWBNST0FEC3TC85SSVR929D
Detached Jimmy PAIge run is still working.
Call ID: fc-01KYWBNST0FEC3TC85SSVR929D
Elapsed: 122.7 seconds
No result is available yet. Run this collector again later.
[single-run heartbeat] Fri Jul 31 15:14:25 UTC 2026 | elapsed=3m | status=submitted | callId=fc-01KYWBNST0FEC3TC85SSVR929D
Detached Jimmy PAIge run is still working.
Call ID: fc-01KYWBNST0FEC3TC85SSVR929D
Elapsed: 183.3 seconds
No result is available yet. Run this collector again later.
[single-run heartbeat] Fri Jul 31 15:15:26 UTC 2026 | elapsed=4m | status=submitted | callId=fc-01KYWBNST0FEC3TC85SSVR929D
Detached Jimmy PAIge run is still working.
Call ID: fc-01KYWBNST0FEC3TC85SSVR929D
Elapsed: 243.9 seconds
No result is available yet. Run this collector again later.
[single-run heartbeat] Fri Jul 31 15:16:27 UTC 2026 | elapsed=5m | status=submitted | callId=fc-01KYWBNST0FEC3TC85SSVR929D
Detached Jimmy PAIge run is still working.
Call ID: fc-01KYWBNST0FEC3TC85SSVR929D
Elapsed: 304.5 seconds
No result is available yet. Run this collector again later.
[single-run heartbeat] Fri Jul 31 15:17:27 UTC 2026 | elapsed=6m | status=submitted | callId=fc-01KYWBNST0FEC3TC85SSVR929D
Detached Jimmy PAIge run is still working.
Call ID: fc-01KYWBNST0FEC3TC85SSVR929D
Elapsed: 365.0 seconds
No result is available yet. Run this collector again later.
[single-run heartbeat] Fri Jul 31 15:18:28 UTC 2026 | elapsed=7m | status=submitted | callId=fc-01KYWBNST0FEC3TC85SSVR929D
Detached Jimmy PAIge run is still working.
Call ID: fc-01KYWBNST0FEC3TC85SSVR929D
Elapsed: 425.5 seconds
No result is available yet. Run this collector again later.
[single-run heartbeat] Fri Jul 31 15:19:28 UTC 2026 | elapsed=8m | status=submitted | callId=fc-01KYWBNST0FEC3TC85SSVR929D
Detached Jimmy PAIge run is still working.
Call ID: fc-01KYWBNST0FEC3TC85SSVR929D
Elapsed: 485.9 seconds
No result is available yet. Run this collector again later.
[single-run heartbeat] Fri Jul 31 15:20:29 UTC 2026 | elapsed=9m | status=submitted | callId=fc-01KYWBNST0FEC3TC85SSVR929D
Detached Jimmy PAIge run is still working.
Call ID: fc-01KYWBNST0FEC3TC85SSVR929D
Elapsed: 546.4 seconds
No result is available yet. Run this collector again later.
[single-run heartbeat] Fri Jul 31 15:21:29 UTC 2026 | elapsed=10m | status=submitted | callId=fc-01KYWBNST0FEC3TC85SSVR929D
Detached Jimmy PAIge run is still working.
Call ID: fc-01KYWBNST0FEC3TC85SSVR929D
Elapsed: 607.0 seconds
No result is available yet. Run this collector again later.
[single-run heartbeat] Fri Jul 31 15:22:30 UTC 2026 | elapsed=11m | status=submitted | callId=fc-01KYWBNST0FEC3TC85SSVR929D
Detached Jimmy PAIge run is still working.
Call ID: fc-01KYWBNST0FEC3TC85SSVR929D
Elapsed: 667.5 seconds
No result is available yet. Run this collector again later.
[single-run heartbeat] Fri Jul 31 15:23:30 UTC 2026 | elapsed=12m | status=submitted | callId=fc-01KYWBNST0FEC3TC85SSVR929D
Detached Jimmy PAIge run is still working.
Call ID: fc-01KYWBNST0FEC3TC85SSVR929D
Elapsed: 728.0 seconds
No result is available yet. Run this collector again later.
[single-run heartbeat] Fri Jul 31 15:24:31 UTC 2026 | elapsed=13m | status=submitted | callId=fc-01KYWBNST0FEC3TC85SSVR929D
Detached Jimmy PAIge run is still working.
Call ID: fc-01KYWBNST0FEC3TC85SSVR929D
Elapsed: 788.5 seconds
No result is available yet. Run this collector again later.
[single-run heartbeat] Fri Jul 31 15:25:31 UTC 2026 | elapsed=14m | status=submitted | callId=fc-01KYWBNST0FEC3TC85SSVR929D
Detached Jimmy PAIge run is still working.
Call ID: fc-01KYWBNST0FEC3TC85SSVR929D
Elapsed: 849.0 seconds
No result is available yet. Run this collector again later.
[single-run heartbeat] Fri Jul 31 15:26:32 UTC 2026 | elapsed=15m | status=submitted | callId=fc-01KYWBNST0FEC3TC85SSVR929D
Detached Jimmy PAIge run is still working.
Call ID: fc-01KYWBNST0FEC3TC85SSVR929D
Elapsed: 909.6 seconds
No result is available yet. Run this collector again later.
[single-run heartbeat] Fri Jul 31 15:27:32 UTC 2026 | elapsed=16m | status=submitted | callId=fc-01KYWBNST0FEC3TC85SSVR929D
Detached Jimmy PAIge run is still working.
Call ID: fc-01KYWBNST0FEC3TC85SSVR929D
Elapsed: 970.1 seconds
No result is available yet. Run this collector again later.
[single-run heartbeat] Fri Jul 31 15:28:33 UTC 2026 | elapsed=17m | status=submitted | callId=fc-01KYWBNST0FEC3TC85SSVR929D
Detached Jimmy PAIge run is still working.
Call ID: fc-01KYWBNST0FEC3TC85SSVR929D
Elapsed: 1030.6 seconds
No result is available yet. Run this collector again later.
[single-run heartbeat] Fri Jul 31 15:29:33 UTC 2026 | elapsed=18m | status=submitted | callId=fc-01KYWBNST0FEC3TC85SSVR929D
Detached Jimmy PAIge run is still working.
Call ID: fc-01KYWBNST0FEC3TC85SSVR929D
Elapsed: 1091.1 seconds
No result is available yet. Run this collector again later.
[single-run heartbeat] Fri Jul 31 15:30:34 UTC 2026 | elapsed=19m | status=submitted | callId=fc-01KYWBNST0FEC3TC85SSVR929D
Detached Jimmy PAIge run is still working.
Call ID: fc-01KYWBNST0FEC3TC85SSVR929D
Elapsed: 1151.6 seconds
No result is available yet. Run this collector again later.
[single-run heartbeat] Fri Jul 31 15:31:34 UTC 2026 | elapsed=20m | status=submitted | callId=fc-01KYWBNST0FEC3TC85SSVR929D
Detached Jimmy PAIge run is still working.
Call ID: fc-01KYWBNST0FEC3TC85SSVR929D
Elapsed: 1212.2 seconds
No result is available yet. Run this collector again later.
[single-run heartbeat] Fri Jul 31 15:32:35 UTC 2026 | elapsed=21m | status=submitted | callId=fc-01KYWBNST0FEC3TC85SSVR929D
Detached Jimmy PAIge run is still working.
Call ID: fc-01KYWBNST0FEC3TC85SSVR929D
Elapsed: 1272.7 seconds
No result is available yet. Run this collector again later.
[single-run heartbeat] Fri Jul 31 15:33:35 UTC 2026 | elapsed=22m | status=submitted | callId=fc-01KYWBNST0FEC3TC85SSVR929D
Detached Jimmy PAIge run is still working.
Call ID: fc-01KYWBNST0FEC3TC85SSVR929D
Elapsed: 1333.2 seconds
No result is available yet. Run this collector again later.
[single-run heartbeat] Fri Jul 31 15:34:36 UTC 2026 | elapsed=23m | status=submitted | callId=fc-01KYWBNST0FEC3TC85SSVR929D
Detached Jimmy PAIge run is still working.
Call ID: fc-01KYWBNST0FEC3TC85SSVR929D
Elapsed: 1393.7 seconds
No result is available yet. Run this collector again later.
[single-run heartbeat] Fri Jul 31 15:35:36 UTC 2026 | elapsed=24m | status=submitted | callId=fc-01KYWBNST0FEC3TC85SSVR929D
Detached Jimmy PAIge run is still working.
Call ID: fc-01KYWBNST0FEC3TC85SSVR929D
Elapsed: 1454.2 seconds
No result is available yet. Run this collector again later.
[single-run heartbeat] Fri Jul 31 15:36:37 UTC 2026 | elapsed=25m | status=submitted | callId=fc-01KYWBNST0FEC3TC85SSVR929D
Detached Jimmy PAIge run is still working.
Call ID: fc-01KYWBNST0FEC3TC85SSVR929D
Elapsed: 1514.7 seconds
No result is available yet. Run this collector again later.
[single-run heartbeat] Fri Jul 31 15:37:37 UTC 2026 | elapsed=26m | status=submitted | callId=fc-01KYWBNST0FEC3TC85SSVR929D
Detached Jimmy PAIge run is still working.
Call ID: fc-01KYWBNST0FEC3TC85SSVR929D
Elapsed: 1575.2 seconds
No result is available yet. Run this collector again later.
[single-run heartbeat] Fri Jul 31 15:38:38 UTC 2026 | elapsed=27m | status=submitted | callId=fc-01KYWBNST0FEC3TC85SSVR929D
Detached Jimmy PAIge run is still working.
Call ID: fc-01KYWBNST0FEC3TC85SSVR929D
Elapsed: 1635.7 seconds
No result is available yet. Run this collector again later.
[single-run heartbeat] Fri Jul 31 15:39:38 UTC 2026 | elapsed=28m | status=submitted | callId=fc-01KYWBNST0FEC3TC85SSVR929D
Detached Jimmy PAIge run is still working.
Call ID: fc-01KYWBNST0FEC3TC85SSVR929D
Elapsed: 1696.2 seconds
No result is available yet. Run this collector again later.
[single-run heartbeat] Fri Jul 31 15:40:39 UTC 2026 | elapsed=29m | status=submitted | callId=fc-01KYWBNST0FEC3TC85SSVR929D
Detached Jimmy PAIge run is still working.
Call ID: fc-01KYWBNST0FEC3TC85SSVR929D
Elapsed: 1756.7 seconds
No result is available yet. Run this collector again later.
[single-run heartbeat] Fri Jul 31 15:41:39 UTC 2026 | elapsed=30m | status=submitted | callId=fc-01KYWBNST0FEC3TC85SSVR929D
Detached Jimmy PAIge run is still working.
Call ID: fc-01KYWBNST0FEC3TC85SSVR929D
Elapsed: 1817.3 seconds
No result is available yet. Run this collector again later.
[single-run heartbeat] Fri Jul 31 15:42:40 UTC 2026 | elapsed=31m | status=submitted | callId=fc-01KYWBNST0FEC3TC85SSVR929D
Detached Jimmy PAIge run is still working.
Call ID: fc-01KYWBNST0FEC3TC85SSVR929D
Elapsed: 1877.8 seconds
No result is available yet. Run this collector again later.
[single-run heartbeat] Fri Jul 31 15:43:41 UTC 2026 | elapsed=32m | status=submitted | callId=fc-01KYWBNST0FEC3TC85SSVR929D
Detached Jimmy PAIge run is still working.
Call ID: fc-01KYWBNST0FEC3TC85SSVR929D
Elapsed: 1938.5 seconds
No result is available yet. Run this collector again later.
[single-run heartbeat] Fri Jul 31 15:44:41 UTC 2026 | elapsed=33m | status=submitted | callId=fc-01KYWBNST0FEC3TC85SSVR929D
Detached Jimmy PAIge run is still working.
Call ID: fc-01KYWBNST0FEC3TC85SSVR929D
Elapsed: 1999.1 seconds
No result is available yet. Run this collector again later.
[single-run heartbeat] Fri Jul 31 15:45:42 UTC 2026 | elapsed=34m | status=submitted | callId=fc-01KYWBNST0FEC3TC85SSVR929D
Detached Jimmy PAIge run is still working.
Call ID: fc-01KYWBNST0FEC3TC85SSVR929D
Elapsed: 2059.9 seconds
No result is available yet. Run this collector again later.
[single-run heartbeat] Fri Jul 31 15:46:43 UTC 2026 | elapsed=35m | status=submitted | callId=fc-01KYWBNST0FEC3TC85SSVR929D
Detached Jimmy PAIge run is still working.
Call ID: fc-01KYWBNST0FEC3TC85SSVR929D
Elapsed: 2120.4 seconds
No result is available yet. Run this collector again later.
[single-run heartbeat] Fri Jul 31 15:47:43 UTC 2026 | elapsed=36m | status=submitted | callId=fc-01KYWBNST0FEC3TC85SSVR929D
Detached Jimmy PAIge run is still working.
Call ID: fc-01KYWBNST0FEC3TC85SSVR929D
Elapsed: 2181.0 seconds
No result is available yet. Run this collector again later.
[single-run heartbeat] Fri Jul 31 15:48:44 UTC 2026 | elapsed=37m | status=submitted | callId=fc-01KYWBNST0FEC3TC85SSVR929D
Detached Jimmy PAIge run is still working.
Call ID: fc-01KYWBNST0FEC3TC85SSVR929D
Elapsed: 2241.6 seconds
No result is available yet. Run this collector again later.
[single-run heartbeat] Fri Jul 31 15:49:44 UTC 2026 | elapsed=38m | status=submitted | callId=fc-01KYWBNST0FEC3TC85SSVR929D
Detached Jimmy PAIge run is still working.
Call ID: fc-01KYWBNST0FEC3TC85SSVR929D
Elapsed: 2302.1 seconds
No result is available yet. Run this collector again later.
[single-run heartbeat] Fri Jul 31 15:50:45 UTC 2026 | elapsed=39m | status=submitted | callId=fc-01KYWBNST0FEC3TC85SSVR929D
Detached Jimmy PAIge run is still working.
Call ID: fc-01KYWBNST0FEC3TC85SSVR929D
Elapsed: 2362.7 seconds
No result is available yet. Run this collector again later.
[single-run heartbeat] Fri Jul 31 15:51:45 UTC 2026 | elapsed=40m | status=submitted | callId=fc-01KYWBNST0FEC3TC85SSVR929D
Detached Jimmy PAIge run is still working.
Call ID: fc-01KYWBNST0FEC3TC85SSVR929D
Elapsed: 2423.2 seconds
No result is available yet. Run this collector again later.
[single-run heartbeat] Fri Jul 31 15:52:46 UTC 2026 | elapsed=41m | status=submitted | callId=fc-01KYWBNST0FEC3TC85SSVR929D
Detached Jimmy PAIge run is still working.
Call ID: fc-01KYWBNST0FEC3TC85SSVR929D
Elapsed: 2483.8 seconds
No result is available yet. Run this collector again later.
[single-run heartbeat] Fri Jul 31 15:53:47 UTC 2026 | elapsed=42m | status=submitted | callId=fc-01KYWBNST0FEC3TC85SSVR929D
Detached Jimmy PAIge run is still working.
Call ID: fc-01KYWBNST0FEC3TC85SSVR929D
Elapsed: 2544.4 seconds
No result is available yet. Run this collector again later.
[single-run heartbeat] Fri Jul 31 15:54:47 UTC 2026 | elapsed=43m | status=submitted | callId=fc-01KYWBNST0FEC3TC85SSVR929D
Detached Jimmy PAIge run is still working.
Call ID: fc-01KYWBNST0FEC3TC85SSVR929D
Elapsed: 2605.0 seconds
No result is available yet. Run this collector again later.
[single-run heartbeat] Fri Jul 31 15:55:48 UTC 2026 | elapsed=44m | status=submitted | callId=fc-01KYWBNST0FEC3TC85SSVR929D
Detached Jimmy PAIge run is still working.
Call ID: fc-01KYWBNST0FEC3TC85SSVR929D
Elapsed: 2665.6 seconds
No result is available yet. Run this collector again later.
[single-run heartbeat] Fri Jul 31 15:56:48 UTC 2026 | elapsed=45m | status=submitted | callId=fc-01KYWBNST0FEC3TC85SSVR929D
Detached Jimmy PAIge run is still working.
Call ID: fc-01KYWBNST0FEC3TC85SSVR929D
Elapsed: 2726.2 seconds
No result is available yet. Run this collector again later.
[single-run heartbeat] Fri Jul 31 15:57:49 UTC 2026 | elapsed=46m | status=submitted | callId=fc-01KYWBNST0FEC3TC85SSVR929D
Detached Jimmy PAIge run is still working.
Call ID: fc-01KYWBNST0FEC3TC85SSVR929D
Elapsed: 2786.7 seconds
No result is available yet. Run this collector again later.
[single-run heartbeat] Fri Jul 31 15:58:49 UTC 2026 | elapsed=47m | status=submitted | callId=fc-01KYWBNST0FEC3TC85SSVR929D
Detached Jimmy PAIge run is still working.
Call ID: fc-01KYWBNST0FEC3TC85SSVR929D
Elapsed: 2847.3 seconds
No result is available yet. Run this collector again later.
[single-run heartbeat] Fri Jul 31 15:59:50 UTC 2026 | elapsed=48m | status=submitted | callId=fc-01KYWBNST0FEC3TC85SSVR929D
Detached Jimmy PAIge run is still working.
Call ID: fc-01KYWBNST0FEC3TC85SSVR929D
Elapsed: 2907.9 seconds
No result is available yet. Run this collector again later.
[single-run heartbeat] Fri Jul 31 16:00:51 UTC 2026 | elapsed=49m | status=submitted | callId=fc-01KYWBNST0FEC3TC85SSVR929D
Detached Jimmy PAIge run is still working.
Call ID: fc-01KYWBNST0FEC3TC85SSVR929D
Elapsed: 2968.4 seconds
No result is available yet. Run this collector again later.
[single-run heartbeat] Fri Jul 31 16:01:51 UTC 2026 | elapsed=50m | status=submitted | callId=fc-01KYWBNST0FEC3TC85SSVR929D
Detached Jimmy PAIge run is still working.
Call ID: fc-01KYWBNST0FEC3TC85SSVR929D
Elapsed: 3029.0 seconds
No result is available yet. Run this collector again later.
[single-run heartbeat] Fri Jul 31 16:02:52 UTC 2026 | elapsed=51m | status=submitted | callId=fc-01KYWBNST0FEC3TC85SSVR929D
Detached Jimmy PAIge run is still working.
Call ID: fc-01KYWBNST0FEC3TC85SSVR929D
Elapsed: 3089.7 seconds
No result is available yet. Run this collector again later.
[single-run heartbeat] Fri Jul 31 16:03:52 UTC 2026 | elapsed=52m | status=submitted | callId=fc-01KYWBNST0FEC3TC85SSVR929D
Detached Jimmy PAIge run is still working.
Call ID: fc-01KYWBNST0FEC3TC85SSVR929D
Elapsed: 3150.4 seconds
No result is available yet. Run this collector again later.
[single-run heartbeat] Fri Jul 31 16:04:53 UTC 2026 | elapsed=53m | status=submitted | callId=fc-01KYWBNST0FEC3TC85SSVR929D
Detached Jimmy PAIge run is still working.
Call ID: fc-01KYWBNST0FEC3TC85SSVR929D
Elapsed: 3211.0 seconds
No result is available yet. Run this collector again later.
[single-run heartbeat] Fri Jul 31 16:05:54 UTC 2026 | elapsed=54m | status=submitted | callId=fc-01KYWBNST0FEC3TC85SSVR929D
Detached Jimmy PAIge run is still working.
Call ID: fc-01KYWBNST0FEC3TC85SSVR929D
Elapsed: 3271.5 seconds
No result is available yet. Run this collector again later.
[single-run heartbeat] Fri Jul 31 16:06:54 UTC 2026 | elapsed=55m | status=submitted | callId=fc-01KYWBNST0FEC3TC85SSVR929D
Detached Jimmy PAIge run is still working.
Call ID: fc-01KYWBNST0FEC3TC85SSVR929D
Elapsed: 3332.2 seconds
No result is available yet. Run this collector again later.
[single-run heartbeat] Fri Jul 31 16:07:55 UTC 2026 | elapsed=56m | status=submitted | callId=fc-01KYWBNST0FEC3TC85SSVR929D
Detached Jimmy PAIge run is still working.
Call ID: fc-01KYWBNST0FEC3TC85SSVR929D
Elapsed: 3392.7 seconds
No result is available yet. Run this collector again later.
[single-run heartbeat] Fri Jul 31 16:08:55 UTC 2026 | elapsed=57m | status=submitted | callId=fc-01KYWBNST0FEC3TC85SSVR929D
Detached Jimmy PAIge run is still working.
Call ID: fc-01KYWBNST0FEC3TC85SSVR929D
Elapsed: 3453.2 seconds
No result is available yet. Run this collector again later.
[single-run heartbeat] Fri Jul 31 16:09:56 UTC 2026 | elapsed=58m | status=submitted | callId=fc-01KYWBNST0FEC3TC85SSVR929D
Detached Jimmy PAIge run is still working.
Call ID: fc-01KYWBNST0FEC3TC85SSVR929D
Elapsed: 3513.8 seconds
No result is available yet. Run this collector again later.
[single-run heartbeat] Fri Jul 31 16:10:57 UTC 2026 | elapsed=59m | status=submitted | callId=fc-01KYWBNST0FEC3TC85SSVR929D
Detached Jimmy PAIge run is still working.
Call ID: fc-01KYWBNST0FEC3TC85SSVR929D
Elapsed: 3574.4 seconds
No result is available yet. Run this collector again later.
[single-run heartbeat] Fri Jul 31 16:11:57 UTC 2026 | elapsed=60m | status=submitted | callId=fc-01KYWBNST0FEC3TC85SSVR929D
Detached Jimmy PAIge run is still working.
Call ID: fc-01KYWBNST0FEC3TC85SSVR929D
Elapsed: 3634.9 seconds
No result is available yet. Run this collector again later.
[single-run heartbeat] Fri Jul 31 16:12:58 UTC 2026 | elapsed=61m | status=submitted | callId=fc-01KYWBNST0FEC3TC85SSVR929D
Detached Jimmy PAIge run is still working.
Call ID: fc-01KYWBNST0FEC3TC85SSVR929D
Elapsed: 3695.4 seconds
No result is available yet. Run this collector again later.
[single-run heartbeat] Fri Jul 31 16:13:58 UTC 2026 | elapsed=62m | status=submitted | callId=fc-01KYWBNST0FEC3TC85SSVR929D
Detached Jimmy PAIge run is still working.
Call ID: fc-01KYWBNST0FEC3TC85SSVR929D
Elapsed: 3756.0 seconds
No result is available yet. Run this collector again later.
[single-run heartbeat] Fri Jul 31 16:14:59 UTC 2026 | elapsed=63m | status=submitted | callId=fc-01KYWBNST0FEC3TC85SSVR929D
Detached Jimmy PAIge run is still working.
Call ID: fc-01KYWBNST0FEC3TC85SSVR929D
Elapsed: 3816.5 seconds
No result is available yet. Run this collector again later.
[single-run heartbeat] Fri Jul 31 16:15:59 UTC 2026 | elapsed=64m | status=submitted | callId=fc-01KYWBNST0FEC3TC85SSVR929D
Detached Jimmy PAIge run is still working.
Call ID: fc-01KYWBNST0FEC3TC85SSVR929D
Elapsed: 3877.0 seconds
No result is available yet. Run this collector again later.
[single-run heartbeat] Fri Jul 31 16:17:00 UTC 2026 | elapsed=65m | status=submitted | callId=fc-01KYWBNST0FEC3TC85SSVR929D
Detached Jimmy PAIge run is still working.
Call ID: fc-01KYWBNST0FEC3TC85SSVR929D
Elapsed: 3937.6 seconds
No result is available yet. Run this collector again later.
[single-run heartbeat] Fri Jul 31 16:18:00 UTC 2026 | elapsed=66m | status=submitted | callId=fc-01KYWBNST0FEC3TC85SSVR929D
Detached Jimmy PAIge run is still working.
Call ID: fc-01KYWBNST0FEC3TC85SSVR929D
Elapsed: 3998.1 seconds
No result is available yet. Run this collector again later.
[single-run heartbeat] Fri Jul 31 16:19:01 UTC 2026 | elapsed=67m | status=submitted | callId=fc-01KYWBNST0FEC3TC85SSVR929D
Detached Jimmy PAIge run is still working.
Call ID: fc-01KYWBNST0FEC3TC85SSVR929D
Elapsed: 4058.6 seconds
No result is available yet. Run this collector again later.
[single-run heartbeat] Fri Jul 31 16:20:01 UTC 2026 | elapsed=68m | status=submitted | callId=fc-01KYWBNST0FEC3TC85SSVR929D
Detached Jimmy PAIge run is still working.
Call ID: fc-01KYWBNST0FEC3TC85SSVR929D
Elapsed: 4119.2 seconds
No result is available yet. Run this collector again later.
[single-run heartbeat] Fri Jul 31 16:21:02 UTC 2026 | elapsed=69m | status=submitted | callId=fc-01KYWBNST0FEC3TC85SSVR929D
Detached Jimmy PAIge run is still working.
Call ID: fc-01KYWBNST0FEC3TC85SSVR929D
Elapsed: 4179.7 seconds
No result is available yet. Run this collector again later.
[single-run heartbeat] Fri Jul 31 16:22:02 UTC 2026 | elapsed=70m | status=submitted | callId=fc-01KYWBNST0FEC3TC85SSVR929D
Detached Jimmy PAIge run is still working.
Call ID: fc-01KYWBNST0FEC3TC85SSVR929D
Elapsed: 4240.6 seconds
No result is available yet. Run this collector again later.
[single-run heartbeat] Fri Jul 31 16:23:03 UTC 2026 | elapsed=71m | status=submitted | callId=fc-01KYWBNST0FEC3TC85SSVR929D
Detached Jimmy PAIge run is still working.
Call ID: fc-01KYWBNST0FEC3TC85SSVR929D
Elapsed: 4301.2 seconds
No result is available yet. Run this collector again later.
[single-run heartbeat] Fri Jul 31 16:24:04 UTC 2026 | elapsed=72m | status=submitted | callId=fc-01KYWBNST0FEC3TC85SSVR929D
Detached Jimmy PAIge run is still working.
Call ID: fc-01KYWBNST0FEC3TC85SSVR929D
Elapsed: 4361.8 seconds
No result is available yet. Run this collector again later.
[single-run heartbeat] Fri Jul 31 16:25:05 UTC 2026 | elapsed=73m | status=submitted | callId=fc-01KYWBNST0FEC3TC85SSVR929D
Detached Jimmy PAIge run is still working.
Call ID: fc-01KYWBNST0FEC3TC85SSVR929D
Elapsed: 4422.6 seconds
No result is available yet. Run this collector again later.
[single-run heartbeat] Fri Jul 31 16:26:05 UTC 2026 | elapsed=74m | status=submitted | callId=fc-01KYWBNST0FEC3TC85SSVR929D
Detached Jimmy PAIge run is still working.
Call ID: fc-01KYWBNST0FEC3TC85SSVR929D
Elapsed: 4483.1 seconds
No result is available yet. Run this collector again later.
[single-run heartbeat] Fri Jul 31 16:27:06 UTC 2026 | elapsed=75m | status=submitted | callId=fc-01KYWBNST0FEC3TC85SSVR929D
Detached Jimmy PAIge run is still working.
Call ID: fc-01KYWBNST0FEC3TC85SSVR929D
Elapsed: 4543.7 seconds
No result is available yet. Run this collector again later.
[single-run heartbeat] Fri Jul 31 16:28:06 UTC 2026 | elapsed=76m | status=submitted | callId=fc-01KYWBNST0FEC3TC85SSVR929D
Detached Jimmy PAIge run is still working.
Call ID: fc-01KYWBNST0FEC3TC85SSVR929D
Elapsed: 4604.3 seconds
No result is available yet. Run this collector again later.
[single-run heartbeat] Fri Jul 31 16:29:07 UTC 2026 | elapsed=77m | status=submitted | callId=fc-01KYWBNST0FEC3TC85SSVR929D
Detached Jimmy PAIge run is still working.
Call ID: fc-01KYWBNST0FEC3TC85SSVR929D
Elapsed: 4664.8 seconds
No result is available yet. Run this collector again later.
[single-run heartbeat] Fri Jul 31 16:30:08 UTC 2026 | elapsed=78m | status=submitted | callId=fc-01KYWBNST0FEC3TC85SSVR929D
Detached Jimmy PAIge run is still working.
Call ID: fc-01KYWBNST0FEC3TC85SSVR929D
Elapsed: 4725.4 seconds
No result is available yet. Run this collector again later.
[single-run heartbeat] Fri Jul 31 16:31:08 UTC 2026 | elapsed=79m | status=submitted | callId=fc-01KYWBNST0FEC3TC85SSVR929D
Detached Jimmy PAIge run is still working.
Call ID: fc-01KYWBNST0FEC3TC85SSVR929D
Elapsed: 4785.9 seconds
No result is available yet. Run this collector again later.
[single-run heartbeat] Fri Jul 31 16:32:09 UTC 2026 | elapsed=80m | status=submitted | callId=fc-01KYWBNST0FEC3TC85SSVR929D
Detached Jimmy PAIge run is still working.
Call ID: fc-01KYWBNST0FEC3TC85SSVR929D
Elapsed: 4846.5 seconds
No result is available yet. Run this collector again later.
[single-run heartbeat] Fri Jul 31 16:33:09 UTC 2026 | elapsed=81m | status=submitted | callId=fc-01KYWBNST0FEC3TC85SSVR929D
Detached Jimmy PAIge run is still working.
Call ID: fc-01KYWBNST0FEC3TC85SSVR929D
Elapsed: 4907.0 seconds
No result is available yet. Run this collector again later.
[single-run heartbeat] Fri Jul 31 16:34:10 UTC 2026 | elapsed=82m | status=submitted | callId=fc-01KYWBNST0FEC3TC85SSVR929D
Detached Jimmy PAIge run is still working.
Call ID: fc-01KYWBNST0FEC3TC85SSVR929D
Elapsed: 4967.6 seconds
No result is available yet. Run this collector again later.
[single-run heartbeat] Fri Jul 31 16:35:10 UTC 2026 | elapsed=83m | status=submitted | callId=fc-01KYWBNST0FEC3TC85SSVR929D
Detached Jimmy PAIge run is still working.
Call ID: fc-01KYWBNST0FEC3TC85SSVR929D
Elapsed: 5028.1 seconds
No result is available yet. Run this collector again later.
[single-run heartbeat] Fri Jul 31 16:36:11 UTC 2026 | elapsed=84m | status=submitted | callId=fc-01KYWBNST0FEC3TC85SSVR929D
Detached Jimmy PAIge run is still working.
Call ID: fc-01KYWBNST0FEC3TC85SSVR929D
Elapsed: 5088.6 seconds
No result is available yet. Run this collector again later.
[single-run heartbeat] Fri Jul 31 16:37:11 UTC 2026 | elapsed=85m | status=submitted | callId=fc-01KYWBNST0FEC3TC85SSVR929D
Detached Jimmy PAIge run is still working.
Call ID: fc-01KYWBNST0FEC3TC85SSVR929D
Elapsed: 5149.3 seconds
No result is available yet. Run this collector again later.
[single-run heartbeat] Fri Jul 31 16:38:12 UTC 2026 | elapsed=86m | status=submitted | callId=fc-01KYWBNST0FEC3TC85SSVR929D
Detached Jimmy PAIge run is still working.
Call ID: fc-01KYWBNST0FEC3TC85SSVR929D
Elapsed: 5209.8 seconds
No result is available yet. Run this collector again later.
[single-run heartbeat] Fri Jul 31 16:39:13 UTC 2026 | elapsed=87m | status=submitted | callId=fc-01KYWBNST0FEC3TC85SSVR929D
Detached Jimmy PAIge run is still working.
Call ID: fc-01KYWBNST0FEC3TC85SSVR929D
Elapsed: 5270.4 seconds
No result is available yet. Run this collector again later.
[single-run heartbeat] Fri Jul 31 16:40:13 UTC 2026 | elapsed=88m | status=submitted | callId=fc-01KYWBNST0FEC3TC85SSVR929D
Detached Jimmy PAIge run is still working.
Call ID: fc-01KYWBNST0FEC3TC85SSVR929D
Elapsed: 5331.0 seconds
No result is available yet. Run this collector again later.
[single-run heartbeat] Fri Jul 31 16:41:14 UTC 2026 | elapsed=89m | status=submitted | callId=fc-01KYWBNST0FEC3TC85SSVR929D
Detached Jimmy PAIge run is still working.
Call ID: fc-01KYWBNST0FEC3TC85SSVR929D
Elapsed: 5391.5 seconds
No result is available yet. Run this collector again later.
[single-run heartbeat] Fri Jul 31 16:42:14 UTC 2026 | elapsed=90m | status=submitted | callId=fc-01KYWBNST0FEC3TC85SSVR929D
Detached Jimmy PAIge run is still working.
Call ID: fc-01KYWBNST0FEC3TC85SSVR929D
Elapsed: 5452.2 seconds
No result is available yet. Run this collector again later.
[single-run heartbeat] Fri Jul 31 16:43:15 UTC 2026 | elapsed=91m | status=submitted | callId=fc-01KYWBNST0FEC3TC85SSVR929D
Detached Jimmy PAIge run is still working.
Call ID: fc-01KYWBNST0FEC3TC85SSVR929D
Elapsed: 5512.8 seconds
No result is available yet. Run this collector again later.
[single-run heartbeat] Fri Jul 31 16:44:15 UTC 2026 | elapsed=92m | status=submitted | callId=fc-01KYWBNST0FEC3TC85SSVR929D
Detached Jimmy PAIge run is still working.
Call ID: fc-01KYWBNST0FEC3TC85SSVR929D
Elapsed: 5573.3 seconds
No result is available yet. Run this collector again later.
[single-run heartbeat] Fri Jul 31 16:45:16 UTC 2026 | elapsed=93m | status=submitted | callId=fc-01KYWBNST0FEC3TC85SSVR929D
Detached Jimmy PAIge run is still working.
Call ID: fc-01KYWBNST0FEC3TC85SSVR929D
Elapsed: 5633.9 seconds
No result is available yet. Run this collector again later.
[single-run heartbeat] Fri Jul 31 16:46:17 UTC 2026 | elapsed=94m | status=submitted | callId=fc-01KYWBNST0FEC3TC85SSVR929D
Detached Jimmy PAIge run is still working.
Call ID: fc-01KYWBNST0FEC3TC85SSVR929D
Elapsed: 5694.5 seconds
No result is available yet. Run this collector again later.
[single-run heartbeat] Fri Jul 31 16:47:17 UTC 2026 | elapsed=95m | status=submitted | callId=fc-01KYWBNST0FEC3TC85SSVR929D
Detached Jimmy PAIge run is still working.
Call ID: fc-01KYWBNST0FEC3TC85SSVR929D
Elapsed: 5755.1 seconds
No result is available yet. Run this collector again later.
[single-run heartbeat] Fri Jul 31 16:48:18 UTC 2026 | elapsed=96m | status=submitted | callId=fc-01KYWBNST0FEC3TC85SSVR929D
Detached Jimmy PAIge run is still working.
Call ID: fc-01KYWBNST0FEC3TC85SSVR929D
Elapsed: 5815.6 seconds
No result is available yet. Run this collector again later.
[single-run heartbeat] Fri Jul 31 16:49:18 UTC 2026 | elapsed=97m | status=submitted | callId=fc-01KYWBNST0FEC3TC85SSVR929D
Detached Jimmy PAIge run is still working.
Call ID: fc-01KYWBNST0FEC3TC85SSVR929D
Elapsed: 5876.2 seconds
No result is available yet. Run this collector again later.
[single-run heartbeat] Fri Jul 31 16:50:19 UTC 2026 | elapsed=98m | status=submitted | callId=fc-01KYWBNST0FEC3TC85SSVR929D
Detached Jimmy PAIge run is still working.
Call ID: fc-01KYWBNST0FEC3TC85SSVR929D
Elapsed: 5936.7 seconds
No result is available yet. Run this collector again later.
[single-run heartbeat] Fri Jul 31 16:51:19 UTC 2026 | elapsed=99m | status=submitted | callId=fc-01KYWBNST0FEC3TC85SSVR929D
Detached Jimmy PAIge run is still working.
Call ID: fc-01KYWBNST0FEC3TC85SSVR929D
Elapsed: 5997.3 seconds
No result is available yet. Run this collector again later.
[single-run heartbeat] Fri Jul 31 16:52:20 UTC 2026 | elapsed=100m | status=submitted | callId=fc-01KYWBNST0FEC3TC85SSVR929D
Detached Jimmy PAIge run is still working.
Call ID: fc-01KYWBNST0FEC3TC85SSVR929D
Elapsed: 6057.9 seconds
No result is available yet. Run this collector again later.
[single-run heartbeat] Fri Jul 31 16:53:21 UTC 2026 | elapsed=101m | status=submitted | callId=fc-01KYWBNST0FEC3TC85SSVR929D
Detached Jimmy PAIge run is still working.
Call ID: fc-01KYWBNST0FEC3TC85SSVR929D
Elapsed: 6118.6 seconds
No result is available yet. Run this collector again later.
[single-run heartbeat] Fri Jul 31 16:54:21 UTC 2026 | elapsed=102m | status=submitted | callId=fc-01KYWBNST0FEC3TC85SSVR929D
Detached Jimmy PAIge run is still working.
Call ID: fc-01KYWBNST0FEC3TC85SSVR929D
Elapsed: 6179.2 seconds
No result is available yet. Run this collector again later.
[single-run heartbeat] Fri Jul 31 16:55:22 UTC 2026 | elapsed=104m | status=submitted | callId=fc-01KYWBNST0FEC3TC85SSVR929D
Detached Jimmy PAIge run is still working.
Call ID: fc-01KYWBNST0FEC3TC85SSVR929D
Elapsed: 6239.8 seconds
No result is available yet. Run this collector again later.
[single-run heartbeat] Fri Jul 31 16:56:22 UTC 2026 | elapsed=105m | status=submitted | callId=fc-01KYWBNST0FEC3TC85SSVR929D
Detached Jimmy PAIge run is still working.
Call ID: fc-01KYWBNST0FEC3TC85SSVR929D
Elapsed: 6300.3 seconds
No result is available yet. Run this collector again later.
[single-run heartbeat] Fri Jul 31 16:57:23 UTC 2026 | elapsed=106m | status=submitted | callId=fc-01KYWBNST0FEC3TC85SSVR929D
Detached Jimmy PAIge run is still working.
Call ID: fc-01KYWBNST0FEC3TC85SSVR929D
Elapsed: 6360.9 seconds
No result is available yet. Run this collector again later.
[single-run heartbeat] Fri Jul 31 16:58:24 UTC 2026 | elapsed=107m | status=submitted | callId=fc-01KYWBNST0FEC3TC85SSVR929D
Detached Jimmy PAIge run is still working.
Call ID: fc-01KYWBNST0FEC3TC85SSVR929D
Elapsed: 6421.4 seconds
No result is available yet. Run this collector again later.
[single-run heartbeat] Fri Jul 31 16:59:24 UTC 2026 | elapsed=108m | status=submitted | callId=fc-01KYWBNST0FEC3TC85SSVR929D
Detached Jimmy PAIge run is still working.
Call ID: fc-01KYWBNST0FEC3TC85SSVR929D
Elapsed: 6482.0 seconds
No result is available yet. Run this collector again later.
[single-run heartbeat] Fri Jul 31 17:00:25 UTC 2026 | elapsed=109m | status=submitted | callId=fc-01KYWBNST0FEC3TC85SSVR929D
Detached Jimmy PAIge run is still working.
Call ID: fc-01KYWBNST0FEC3TC85SSVR929D
Elapsed: 6542.5 seconds
No result is available yet. Run this collector again later.
[single-run heartbeat] Fri Jul 31 17:01:25 UTC 2026 | elapsed=110m | status=submitted | callId=fc-01KYWBNST0FEC3TC85SSVR929D
Detached Jimmy PAIge run is still working.
Call ID: fc-01KYWBNST0FEC3TC85SSVR929D
Elapsed: 6603.1 seconds
No result is available yet. Run this collector again later.
[single-run heartbeat] Fri Jul 31 17:02:26 UTC 2026 | elapsed=111m | status=submitted | callId=fc-01KYWBNST0FEC3TC85SSVR929D
Detached Jimmy PAIge run is still working.
Call ID: fc-01KYWBNST0FEC3TC85SSVR929D
Elapsed: 6663.6 seconds
No result is available yet. Run this collector again later.
[single-run heartbeat] Fri Jul 31 17:03:26 UTC 2026 | elapsed=112m | status=submitted | callId=fc-01KYWBNST0FEC3TC85SSVR929D
Detached Jimmy PAIge run is still working.
Call ID: fc-01KYWBNST0FEC3TC85SSVR929D
Elapsed: 6724.2 seconds
No result is available yet. Run this collector again later.
[single-run heartbeat] Fri Jul 31 17:04:27 UTC 2026 | elapsed=113m | status=submitted | callId=fc-01KYWBNST0FEC3TC85SSVR929D
Detached Jimmy PAIge run is still working.
Call ID: fc-01KYWBNST0FEC3TC85SSVR929D
Elapsed: 6784.8 seconds
No result is available yet. Run this collector again later.
[single-run heartbeat] Fri Jul 31 17:05:28 UTC 2026 | elapsed=114m | status=submitted | callId=fc-01KYWBNST0FEC3TC85SSVR929D
Detached Jimmy PAIge run is still working.
Call ID: fc-01KYWBNST0FEC3TC85SSVR929D
Elapsed: 6845.3 seconds
No result is available yet. Run this collector again later.
[single-run heartbeat] Fri Jul 31 17:06:28 UTC 2026 | elapsed=115m | status=submitted | callId=fc-01KYWBNST0FEC3TC85SSVR929D
Detached Jimmy PAIge run is still working.
Call ID: fc-01KYWBNST0FEC3TC85SSVR929D
Elapsed: 6905.8 seconds
No result is available yet. Run this collector again later.
[single-run heartbeat] Fri Jul 31 17:07:29 UTC 2026 | elapsed=116m | status=submitted | callId=fc-01KYWBNST0FEC3TC85SSVR929D
Detached Jimmy PAIge run is still working.
Call ID: fc-01KYWBNST0FEC3TC85SSVR929D
Elapsed: 6966.5 seconds
No result is available yet. Run this collector again later.
[single-run heartbeat] Fri Jul 31 17:08:29 UTC 2026 | elapsed=117m | status=submitted | callId=fc-01KYWBNST0FEC3TC85SSVR929D
Detached Jimmy PAIge run is still working.
Call ID: fc-01KYWBNST0FEC3TC85SSVR929D
Elapsed: 7027.1 seconds
No result is available yet. Run this collector again later.
[single-run heartbeat] Fri Jul 31 17:09:30 UTC 2026 | elapsed=118m | status=submitted | callId=fc-01KYWBNST0FEC3TC85SSVR929D
Detached Jimmy PAIge run is still working.
Call ID: fc-01KYWBNST0FEC3TC85SSVR929D
Elapsed: 7087.7 seconds
No result is available yet. Run this collector again later.
[single-run heartbeat] Fri Jul 31 17:10:30 UTC 2026 | elapsed=119m | status=submitted | callId=fc-01KYWBNST0FEC3TC85SSVR929D
Detached Jimmy PAIge run is still working.
Call ID: fc-01KYWBNST0FEC3TC85SSVR929D
Elapsed: 7148.2 seconds
No result is available yet. Run this collector again later.
[single-run heartbeat] Fri Jul 31 17:11:31 UTC 2026 | elapsed=120m | status=submitted | callId=fc-01KYWBNST0FEC3TC85SSVR929D
Detached Jimmy PAIge run is still working.
Call ID: fc-01KYWBNST0FEC3TC85SSVR929D
Elapsed: 7208.8 seconds
No result is available yet. Run this collector again later.
[single-run heartbeat] Fri Jul 31 17:12:32 UTC 2026 | elapsed=121m | status=submitted | callId=fc-01KYWBNST0FEC3TC85SSVR929D
Detached Jimmy PAIge run is still working.
Call ID: fc-01KYWBNST0FEC3TC85SSVR929D
Elapsed: 7269.3 seconds
No result is available yet. Run this collector again later.
[single-run heartbeat] Fri Jul 31 17:13:32 UTC 2026 | elapsed=122m | status=submitted | callId=fc-01KYWBNST0FEC3TC85SSVR929D
Detached Jimmy PAIge run is still working.
Call ID: fc-01KYWBNST0FEC3TC85SSVR929D
Elapsed: 7329.8 seconds
No result is available yet. Run this collector again later.
[single-run heartbeat] Fri Jul 31 17:14:33 UTC 2026 | elapsed=123m | status=submitted | callId=fc-01KYWBNST0FEC3TC85SSVR929D
Detached Jimmy PAIge run is still working.
Call ID: fc-01KYWBNST0FEC3TC85SSVR929D
Elapsed: 7390.4 seconds
No result is available yet. Run this collector again later.
[single-run heartbeat] Fri Jul 31 17:15:33 UTC 2026 | elapsed=124m | status=submitted | callId=fc-01KYWBNST0FEC3TC85SSVR929D
Detached Jimmy PAIge run is still working.
Call ID: fc-01KYWBNST0FEC3TC85SSVR929D
Elapsed: 7450.9 seconds
No result is available yet. Run this collector again later.
[single-run heartbeat] Fri Jul 31 17:16:34 UTC 2026 | elapsed=125m | status=submitted | callId=fc-01KYWBNST0FEC3TC85SSVR929D
Detached Jimmy PAIge run is still working.
Call ID: fc-01KYWBNST0FEC3TC85SSVR929D
Elapsed: 7511.4 seconds
No result is available yet. Run this collector again later.
[single-run heartbeat] Fri Jul 31 17:17:34 UTC 2026 | elapsed=126m | status=submitted | callId=fc-01KYWBNST0FEC3TC85SSVR929D
Detached Jimmy PAIge run is still working.
Call ID: fc-01KYWBNST0FEC3TC85SSVR929D
Elapsed: 7572.0 seconds
No result is available yet. Run this collector again later.
[single-run heartbeat] Fri Jul 31 17:18:35 UTC 2026 | elapsed=127m | status=submitted | callId=fc-01KYWBNST0FEC3TC85SSVR929D
Detached Jimmy PAIge run is still working.
Call ID: fc-01KYWBNST0FEC3TC85SSVR929D
Elapsed: 7632.5 seconds
No result is available yet. Run this collector again later.
[single-run heartbeat] Fri Jul 31 17:19:35 UTC 2026 | elapsed=128m | status=submitted | callId=fc-01KYWBNST0FEC3TC85SSVR929D
Detached Jimmy PAIge run is still working.
Call ID: fc-01KYWBNST0FEC3TC85SSVR929D
Elapsed: 7693.2 seconds
No result is available yet. Run this collector again later.
[single-run heartbeat] Fri Jul 31 17:20:36 UTC 2026 | elapsed=129m | status=submitted | callId=fc-01KYWBNST0FEC3TC85SSVR929D
Detached Jimmy PAIge run is still working.
Call ID: fc-01KYWBNST0FEC3TC85SSVR929D
Elapsed: 7753.8 seconds
No result is available yet. Run this collector again later.
[single-run heartbeat] Fri Jul 31 17:21:37 UTC 2026 | elapsed=130m | status=submitted | callId=fc-01KYWBNST0FEC3TC85SSVR929D
Detached Jimmy PAIge run is still working.
Call ID: fc-01KYWBNST0FEC3TC85SSVR929D
Elapsed: 7814.4 seconds
No result is available yet. Run this collector again later.
[single-run heartbeat] Fri Jul 31 17:22:37 UTC 2026 | elapsed=131m | status=submitted | callId=fc-01KYWBNST0FEC3TC85SSVR929D
Detached Jimmy PAIge run is still working.
Call ID: fc-01KYWBNST0FEC3TC85SSVR929D
Elapsed: 7875.0 seconds
No result is available yet. Run this collector again later.
[single-run heartbeat] Fri Jul 31 17:23:38 UTC 2026 | elapsed=132m | status=submitted | callId=fc-01KYWBNST0FEC3TC85SSVR929D
Detached Jimmy PAIge run is still working.
Call ID: fc-01KYWBNST0FEC3TC85SSVR929D
Elapsed: 7935.5 seconds
No result is available yet. Run this collector again later.
[single-run heartbeat] Fri Jul 31 17:24:38 UTC 2026 | elapsed=133m | status=submitted | callId=fc-01KYWBNST0FEC3TC85SSVR929D
Detached Jimmy PAIge run is still working.
Call ID: fc-01KYWBNST0FEC3TC85SSVR929D
Elapsed: 7996.1 seconds
No result is available yet. Run this collector again later.
[single-run heartbeat] Fri Jul 31 17:25:39 UTC 2026 | elapsed=134m | status=submitted | callId=fc-01KYWBNST0FEC3TC85SSVR929D
Detached Jimmy PAIge run is still working.
Call ID: fc-01KYWBNST0FEC3TC85SSVR929D
Elapsed: 8056.7 seconds
No result is available yet. Run this collector again later.
