{
  "schemaVersion": 1,
  "gate": "v143-harmonic-guard-retired-candidate-offline-render-projection",
  "retiredCandidateRawEventCount": 985,
  "retiredProjectedRenderEventCount": 985,
  "retiredProjectedRenderEventSha256": "a81190d05b5dbaa745e003a8c0c43c1b8f8edc629f3ce01975c4f1af8c51dfdb",
  "expectedRetiredScoredRenderEventSha256": "a81190d05b5dbaa745e003a8c0c43c1b8f8edc629f3ce01975c4f1af8c51dfdb",
  "promotedPrimaryCount": 144,
  "suppressedStrongestHarmonicCount": 96,
  "suppressionIntervalHistogram": {
    "12": 78,
    "19": 11,
    "24": 6,
    "28": 1
  },
  "simulatedRawEventCount": 889,
  "simulatedSelectedAttackCount": 725,
  "simulatedProjectedRenderEventCount": 889,
  "simulatedProjectedRenderEventSha256": "50aa17f6855a816ce73f8b427062e8c24c5ce0a5751c7b6425e79c6cea89ecca",
  "simulatedProjectedRenderIdentityIsNew": true,
  "protectedPipelineBlob": "7f72f8ed9b14af8bc93e95544195204d99c6bec1",
  "checks": {
    "retiredProjectionReproducesScoredIdentity": true,
    "retiredRenderCount985": true,
    "promotedPrimaryCount144": true,
    "suppressionCount96": true,
    "octaveSuppressionCount78": true,
    "rawEventCountDropsBy96": true,
    "simulatedRawEventCount889": true,
    "attackIdentityUnchanged": true,
    "selectedAttackCount725": true,
    "simulatedRenderCount889": true,
    "simulatedRenderIdentityIsNew": true,
    "protectedPipelineExact": true
  },
  "failedChecks": [],
  "professionalReferenceUsed": false,
  "runtimeLabelsRequired": false,
  "productionModified": false,
  "modalImported": false,
  "modalInvoked": false,
  "modalGpuUsed": false,
  "simulationAcceptedAsCandidate": false,
  "passed": true
}
