V143 precision polyphonic expansion audio-only audit complete
{
  "schemaVersion": 2,
  "gate": "v143-precision-polyphonic-expansion-audio-only-audit",
  "candidateProductSha256": "c4d2af1bdadea04b326205388227645b432ea1a8f99123fab6dd4c565c21f371",
  "selectedCountMetadata": 725,
  "uniqueRenderedAttackCount": 725,
  "renderedNoteCount": 985,
  "renderedExpansionNoteCount": 260,
  "multiNoteAttackCount": 236,
  "maxChordSize": 6,
  "chordSizeHistogram": {
    "1": 489,
    "2": 215,
    "3": 20,
    "6": 1
  },
  "renderedSecondaryCount": 260,
  "harmonicSecondaryCount": 106,
  "nonharmonicSecondaryCount": 154,
  "harmonicSecondaryFraction": 0.4076923076923077,
  "renderedSecondaryIntervalHistogram": {
    "-26": 1,
    "-15": 1,
    "-10": 1,
    "-9": 2,
    "-7": 5,
    "-6": 1,
    "-5": 12,
    "-4": 6,
    "-3": 9,
    "-2": 4,
    "-1": 7,
    "1": 7,
    "3": 14,
    "4": 15,
    "5": 21,
    "6": 1,
    "7": 22,
    "8": 2,
    "9": 3,
    "10": 3,
    "11": 3,
    "12": 86,
    "13": 2,
    "14": 3,
    "15": 1,
    "16": 6,
    "17": 1,
    "19": 13,
    "20": 1,
    "24": 6,
    "28": 1
  },
  "renderedHarmonicIntervalHistogram": {
    "12": 86,
    "19": 13,
    "24": 6,
    "28": 1
  },
  "fundamentalPromotionCountMetadata": 144,
  "promotedPrimaryAttackCountFromSerializedEvidence": 144,
  "promotedPrimaryWithStrongestRenderedCount": 144,
  "promotedPrimaryWithHarmonicStrongestRenderedCount": 96,
  "promotedPrimaryStrongestIntervalHistogram": {
    "-5": 3,
    "-4": 3,
    "-3": 4,
    "-1": 1,
    "3": 5,
    "4": 4,
    "5": 10,
    "6": 1,
    "7": 10,
    "9": 1,
    "10": 1,
    "12": 78,
    "14": 2,
    "16": 2,
    "17": 1,
    "19": 11,
    "24": 6,
    "28": 1
  },
  "promotionStrongestRetentionFraction": 1.0,
  "promotionHarmonicStrongestRetentionFraction": 0.6666666666666666,
  "secondaryScoreRatioQuantiles": {
    "min": 0.8014531447561166,
    "p10": 0.8584554778898953,
    "p25": 0.9182494276105164,
    "median": 1.0,
    "p75": 1.0,
    "p90": 1.0,
    "max": 1.0
  },
  "secondaryAttackRatioQuantiles": {
    "min": 0.801321087323355,
    "p10": 0.8328351703563839,
    "p25": 0.9026044079736739,
    "median": 1.0,
    "p75": 1.0,
    "p90": 1.0,
    "max": 1.0
  },
  "secondaryBodyRatioQuantiles": {
    "min": 0.7144634170106883,
    "p10": 0.8368516282647941,
    "p25": 0.8874290430901692,
    "median": 0.9837895996210633,
    "p75": 1.0,
    "p90": 1.0,
    "max": 1.0
  },
  "harmonicSecondaryScoreRatioQuantiles": {
    "min": 0.9426287401330977,
    "p10": 1.0,
    "p25": 1.0,
    "median": 1.0,
    "p75": 1.0,
    "p90": 1.0,
    "max": 1.0
  },
  "harmonicSecondaryAttackRatioQuantiles": {
    "min": 0.8065913707853684,
    "p10": 0.9998757488075768,
    "p25": 1.0,
    "median": 1.0,
    "p75": 1.0,
    "p90": 1.0,
    "max": 1.0
  },
  "harmonicSecondaryBodyRatioQuantiles": {
    "min": 0.7144634170106883,
    "p10": 0.9393515213127117,
    "p25": 1.0,
    "median": 1.0,
    "p75": 1.0,
    "p90": 1.0,
    "max": 1.0
  },
  "nonharmonicSecondaryScoreRatioQuantiles": {
    "min": 0.8014531447561166,
    "p10": 0.8443852059700276,
    "p25": 0.867059932631057,
    "median": 0.9320088186735265,
    "p75": 1.0,
    "p90": 1.0,
    "max": 1.0
  },
  "multiHypothesisAttackCount": 238,
  "pitchSupportIndistinguishableAttackCount": 238,
  "pitchSupportIndistinguishableFraction": 1.0,
  "perPitchBasicPitchSupportRecoverableFromSerializedHypotheses": false,
  "syntheticObservedMidis": [
    40,
    52
  ],
  "syntheticPrimaryMidi": 40,
  "syntheticStrongestRawMidi": 52,
  "syntheticSelectedMidis": [
    40,
    52
  ],
  "syntheticPrimaryPromoted": true,
  "syntheticStrongestRawIntervalAbovePrimary": 12,
  "syntheticStrongestHarmonicRetainedAsSecondary": true,
  "harmonicPromotionDoubleCountPathProven": true,
  "badGroupCount": 0,
  "badGroupExamples": [],
  "selectedCountMatchesUniqueRenderedAttacks": true,
  "noteCountMatchesEvents": true,
  "protectedPipelineBlob": "7f72f8ed9b14af8bc93e95544195204d99c6bec1",
  "expectedProtectedPipelineBlob": "7f72f8ed9b14af8bc93e95544195204d99c6bec1",
  "protectedPipelineUnchanged": true,
  "professionalReferenceUsed": false,
  "runtimeLabelsRequired": false,
  "productionModified": false,
  "modalGpuUsed": false
}
