APPROVED_AUDIO_SHA=PASS:215bd5a657c5326f08f132ae358595a95c30b39bb7493a52c2f910d5a608149f
PROTECTED_PIPELINE_BLOB=PASS:7f72f8ed9b14af8bc93e95544195204d99c6bec1
SEMANTICS_SUSTAIN_REFERENCE_TOKEN_SCAN=PASS
SEMANTICS_SUSTAIN_RUNNER_BLOB=de90b04ab130dd844fdd6a0d30931c160bbd3237
SEMANTIC_GUARD_BLOB=d233b1982599c807248529744127da832d1eddbc
SUSTAIN_SHADOW_BLOB=7bc16d01fd688394f22fd925c78544628fcb4b51
CHECKED_OUT_COMMIT=6443b78a2a593734726499186ba4eeb58da2317f
Collecting modal
  Downloading modal-1.5.4-py3-none-any.whl.metadata (2.5 kB)
Collecting aiohttp (from modal)
  Downloading aiohttp-3.14.3-cp311-cp311-manylinux2014_x86_64.manylinux_2_17_x86_64.manylinux_2_28_x86_64.whl.metadata (8.3 kB)
Collecting cbor2 (from modal)
  Downloading cbor2-6.1.4-cp311-cp311-manylinux_2_28_x86_64.whl.metadata (5.5 kB)
Collecting certifi (from modal)
  Downloading certifi-2026.7.22-py3-none-any.whl.metadata (2.5 kB)
Collecting click~=8.1 (from modal)
  Downloading click-8.4.2-py3-none-any.whl.metadata (2.6 kB)
Collecting grpclib<0.4.10,>=0.4.7 (from modal)
  Downloading grpclib-0.4.9-py3-none-any.whl.metadata (6.1 kB)
Collecting protobuf!=4.24.0,<7.0,>=3.19 (from modal)
  Downloading protobuf-6.33.6-cp39-abi3-manylinux2014_x86_64.whl.metadata (593 bytes)
Collecting rich>=12.0.0 (from modal)
  Downloading rich-15.0.0-py3-none-any.whl.metadata (18 kB)
Collecting synchronicity~=0.12.5 (from modal)
  Downloading synchronicity-0.12.5-py3-none-any.whl.metadata (14 kB)
Collecting toml (from modal)
  Downloading toml-0.10.2-py2.py3-none-any.whl.metadata (7.1 kB)
Collecting types-certifi (from modal)
  Downloading types_certifi-2021.10.8.3-py3-none-any.whl.metadata (1.4 kB)
Collecting types-toml (from modal)
  Downloading types_toml-0.10.8.20260518-py3-none-any.whl.metadata (1.7 kB)
Collecting watchfiles (from modal)
  Downloading watchfiles-1.2.0-cp311-cp311-manylinux_2_17_x86_64.manylinux2014_x86_64.whl.metadata (4.9 kB)
Collecting typing_extensions~=4.6 (from modal)
  Downloading typing_extensions-4.16.0-py3-none-any.whl.metadata (3.3 kB)
Collecting h2<5,>=3.1.0 (from grpclib<0.4.10,>=0.4.7->modal)
  Downloading h2-4.4.1-py3-none-any.whl.metadata (3.8 kB)
Collecting multidict (from grpclib<0.4.10,>=0.4.7->modal)
  Downloading multidict-6.7.1-cp311-cp311-manylinux2014_x86_64.manylinux_2_17_x86_64.manylinux_2_28_x86_64.whl.metadata (5.3 kB)
Collecting hyperframe<7,>=6.1 (from h2<5,>=3.1.0->grpclib<0.4.10,>=0.4.7->modal)
  Downloading hyperframe-6.1.0-py3-none-any.whl.metadata (4.3 kB)
Collecting hpack<5,>=4.2 (from h2<5,>=3.1.0->grpclib<0.4.10,>=0.4.7->modal)
  Downloading hpack-4.2.0-py3-none-any.whl.metadata (3.3 kB)
Collecting markdown-it-py>=2.2.0 (from rich>=12.0.0->modal)
  Downloading markdown_it_py-4.2.0-py3-none-any.whl.metadata (7.4 kB)
Collecting pygments<3.0.0,>=2.13.0 (from rich>=12.0.0->modal)
  Downloading pygments-2.21.0-py3-none-any.whl.metadata (2.5 kB)
Collecting mdurl~=0.1 (from markdown-it-py>=2.2.0->rich>=12.0.0->modal)
  Downloading mdurl-0.1.2-py3-none-any.whl.metadata (1.6 kB)
Collecting aiohappyeyeballs>=2.5.0 (from aiohttp->modal)
  Downloading aiohappyeyeballs-2.7.1-py3-none-any.whl.metadata (5.9 kB)
Collecting aiosignal>=1.4.0 (from aiohttp->modal)
  Downloading aiosignal-1.4.0-py3-none-any.whl.metadata (3.7 kB)
Collecting attrs>=17.3.0 (from aiohttp->modal)
  Downloading attrs-26.1.0-py3-none-any.whl.metadata (8.8 kB)
Collecting frozenlist>=1.1.1 (from aiohttp->modal)
  Downloading frozenlist-1.8.0-cp311-cp311-manylinux1_x86_64.manylinux_2_28_x86_64.manylinux_2_5_x86_64.whl.metadata (20 kB)
Collecting propcache>=0.2.0 (from aiohttp->modal)
  Downloading propcache-0.5.2-cp311-cp311-manylinux2014_x86_64.manylinux_2_17_x86_64.manylinux_2_28_x86_64.whl.metadata (16 kB)
Collecting yarl<2.0,>=1.17.0 (from aiohttp->modal)
  Downloading yarl-1.24.5-cp311-cp311-manylinux2014_x86_64.manylinux_2_17_x86_64.manylinux_2_28_x86_64.whl.metadata (103 kB)
Collecting idna>=2.0 (from yarl<2.0,>=1.17.0->aiohttp->modal)
  Downloading idna-3.19-py3-none-any.whl.metadata (9.2 kB)
Collecting anyio>=3.0.0 (from watchfiles->modal)
  Downloading anyio-4.14.2-py3-none-any.whl.metadata (4.6 kB)
Downloading modal-1.5.4-py3-none-any.whl (979 kB)
   ━━━━━━━━━━━━━━━━━━━━━━━━━━━━━━━━━━━━━━━━ 979.4/979.4 kB 96.3 MB/s  0:00:00
Downloading click-8.4.2-py3-none-any.whl (119 kB)
Downloading grpclib-0.4.9-py3-none-any.whl (77 kB)
Downloading h2-4.4.1-py3-none-any.whl (62 kB)
Downloading hpack-4.2.0-py3-none-any.whl (34 kB)
Downloading hyperframe-6.1.0-py3-none-any.whl (13 kB)
Downloading protobuf-6.33.6-cp39-abi3-manylinux2014_x86_64.whl (323 kB)
Downloading synchronicity-0.12.5-py3-none-any.whl (41 kB)
Downloading typing_extensions-4.16.0-py3-none-any.whl (45 kB)
Downloading rich-15.0.0-py3-none-any.whl (310 kB)
Downloading pygments-2.21.0-py3-none-any.whl (1.3 MB)
   ━━━━━━━━━━━━━━━━━━━━━━━━━━━━━━━━━━━━━━━━ 1.3/1.3 MB 184.0 MB/s  0:00:00
Downloading markdown_it_py-4.2.0-py3-none-any.whl (91 kB)
Downloading mdurl-0.1.2-py3-none-any.whl (10.0 kB)
Downloading aiohttp-3.14.3-cp311-cp311-manylinux2014_x86_64.manylinux_2_17_x86_64.manylinux_2_28_x86_64.whl (1.8 MB)
   ━━━━━━━━━━━━━━━━━━━━━━━━━━━━━━━━━━━━━━━━ 1.8/1.8 MB 127.2 MB/s  0:00:00
Downloading multidict-6.7.1-cp311-cp311-manylinux2014_x86_64.manylinux_2_17_x86_64.manylinux_2_28_x86_64.whl (246 kB)
Downloading yarl-1.24.5-cp311-cp311-manylinux2014_x86_64.manylinux_2_17_x86_64.manylinux_2_28_x86_64.whl (111 kB)
Downloading aiohappyeyeballs-2.7.1-py3-none-any.whl (15 kB)
Downloading aiosignal-1.4.0-py3-none-any.whl (7.5 kB)
Downloading attrs-26.1.0-py3-none-any.whl (67 kB)
Downloading frozenlist-1.8.0-cp311-cp311-manylinux1_x86_64.manylinux_2_28_x86_64.manylinux_2_5_x86_64.whl (231 kB)
Downloading idna-3.19-py3-none-any.whl (68 kB)
Downloading propcache-0.5.2-cp311-cp311-manylinux2014_x86_64.manylinux_2_17_x86_64.manylinux_2_28_x86_64.whl (58 kB)
Downloading cbor2-6.1.4-cp311-cp311-manylinux_2_28_x86_64.whl (464 kB)
Downloading certifi-2026.7.22-py3-none-any.whl (136 kB)
Downloading toml-0.10.2-py2.py3-none-any.whl (16 kB)
Downloading types_certifi-2021.10.8.3-py3-none-any.whl (2.1 kB)
Downloading types_toml-0.10.8.20260518-py3-none-any.whl (9.7 kB)
Downloading watchfiles-1.2.0-cp311-cp311-manylinux_2_17_x86_64.manylinux2014_x86_64.whl (456 kB)
Downloading anyio-4.14.2-py3-none-any.whl (125 kB)
Installing collected packages: types-certifi, typing_extensions, types-toml, toml, pygments, protobuf, propcache, multidict, mdurl, idna, hyperframe, hpack, frozenlist, click, certifi, cbor2, attrs, aiohappyeyeballs, yarl, synchronicity, markdown-it-py, h2, anyio, aiosignal, watchfiles, rich, grpclib, aiohttp, modal

Successfully installed aiohappyeyeballs-2.7.1 aiohttp-3.14.3 aiosignal-1.4.0 anyio-4.14.2 attrs-26.1.0 cbor2-6.1.4 certifi-2026.7.22 click-8.4.2 frozenlist-1.8.0 grpclib-0.4.9 h2-4.4.1 hpack-4.2.0 hyperframe-6.1.0 idna-3.19 markdown-it-py-4.2.0 mdurl-0.1.2 modal-1.5.4 multidict-6.7.1 propcache-0.5.2 protobuf-6.33.6 pygments-2.21.0 rich-15.0.0 synchronicity-0.12.5 toml-0.10.2 types-certifi-2021.10.8.3 types-toml-0.10.8.20260518 typing_extensions-4.16.0 watchfiles-1.2.0 yarl-1.24.5
✓ Initialized. View run at 
https://modal.com/apps/dadrockyt/main/ap-oZP89DsqO1d02lztUK68Xl
✓ Created objects.
├── 🔨 Created mount 
│   /home/runner/work/dadrock-tabs-android/dadrock-tabs-android/analyzer/v143_rh
│   ythm_semantics_sustain_approved_shadow_modal.py
├── 🔨 Created mount 
│   /home/runner/work/dadrock-tabs-android/dadrock-tabs-android/public/training/
│   v143-final-multifamily-development/v143-production-model-candidate-v1.json
├── 🔨 Created mount PythonPackage:modal_analyzer, 
│   PythonPackage:v143_ai_tab_gpu_worker, 
│   PythonPackage:v143_candidate_timing_adapter, 
│   PythonPackage:v143_deterministic_separator, 
│   PythonPackage:v143_modal_rhythm_router, 
│   PythonPackage:v143_production_engine, 
│   PythonPackage:v143_production_separator, 
│   PythonPackage:v143_reference_free_rhythm_pipeline, 
│   PythonPackage:v143_reference_free_timing, 
│   PythonPackage:v143_rhythm_bend_consensus, 
│   PythonPackage:v143_rhythm_bend_evidence, 
│   PythonPackage:v143_rhythm_deterministic_stem_provider, 
│   PythonPackage:v143_rhythm_event_assembly, 
│   PythonPackage:v143_rhythm_guitar_note_mapper, 
│   PythonPackage:v143_rhythm_legato_evidence, 
│   PythonPackage:v143_rhythm_output_adapter, PythonPackage:v143_rhythm_runtime,
│   PythonPackage:v143_rhythm_semantic_primary_note_guard, 
│   PythonPackage:v143_rhythm_stem_provider, 
│   PythonPackage:v143_rhythm_sustain_consensus_shadow, 
│   PythonPackage:v143_rhythm_sustain_technique_enricher, 
│   PythonPackage:v143_seeded_audio_separator_cli, 
│   PythonPackage:v143_seeded_separator
└── 🔨 Created function analyze_semantics_sustain_shadow.
2026-08-23 19:14:06.121 - INFO - cli - Separator version 0.44.5 beginning with input path(s): /tmp/v143-semantics-sustain-shadow-s5j7jqk1/v143-rhythm-stems/_work/normalized/input-normalized.wav
2026-08-23 19:14:06.124 - INFO - separator - Separator version 0.44.5 instantiating with output_dir: /tmp/v143-semantics-sustain-shadow-s5j7jqk1/v143-rhythm-stems/_work/direct, output_format: WAV
2026-08-23 19:14:06.124 - INFO - separator - Using model directory from model_file_dir parameter: /tmp/audio-separator-models/
2026-08-23 19:14:06.124 - INFO - separator - Operating System: Linux #1 SMP Sun Jan 10 15:06:54 PST 2016
2026-08-23 19:14:06.124 - INFO - separator - System: Linux Node: modal Release: 4.19.0-gvisor Machine: x86_64 Proc: 
2026-08-23 19:14:06.124 - INFO - separator - Python Version: 3.11.12
2026-08-23 19:14:06.125 - INFO - separator - PyTorch Version: 2.13.0+cu130
2026-08-23 19:14:06.305 - INFO - separator - FFmpeg installed: ffmpeg version 5.1.9-0+deb12u1 Copyright (c) 2000-2026 the FFmpeg developers
2026-08-23 19:14:06.308 - INFO - separator - ONNX Runtime GPU package installed with version: 1.28.0
2026-08-23 19:14:06.308 - INFO - separator - CUDA is available in Torch, setting Torch device to CUDA
2026-08-23 19:14:06.308 - INFO - separator - ONNXruntime has CUDAExecutionProvider available, enabling acceleration
2026-08-23 19:14:06.308 - INFO - separator - Loading model htdemucs_6s.yaml...

[1A  0%|          | 0.00/3.54k [00:00<?, ?iB/s]
[1A28.3kiB [00:00, 33.4MiB/s]                  

[1A  0%|          | 0.00/55.0M [00:00<?, ?iB/s]
[1A 12%|█▏        | 6.66M/55.0M [00:00<00:00, 66.6MiB/s]
[1A 26%|██▋       | 14.5M/55.0M [00:00<00:00, 73.3MiB/s]
[1A 41%|████      | 22.4M/55.0M [00:00<00:00, 76.2MiB/s]
[1A 55%|█████▍    | 30.1M/55.0M [00:00<00:00, 74.9MiB/s]
[1A 72%|███████▏  | 39.6M/55.0M [00:00<00:00, 82.0MiB/s]
[1A 93%|█████████▎| 51.3M/55.0M [00:00<00:00, 93.8MiB/s]100%|██████████| 55.0M/55.0M [00:00<00:00, 86.8MiB/s]

[1A  0%|          | 0.00/21.0 [00:00<?, ?iB/s]
[1A100%|██████████| 21.0/21.0 [00:00<00:00, 26.2kiB/s]
2026-08-23 19:14:07.681 - INFO - demucs_separator - Demucs Separator initialisation complete
2026-08-23 19:14:07.681 - INFO - separator - Load model duration: 00:00:01
2026-08-23 19:14:07.681 - INFO - separator - Processing file: /tmp/v143-semantics-sustain-shadow-s5j7jqk1/v143-rhythm-stems/_work/normalized/input-normalized.wav
2026-08-23 19:14:07.681 - INFO - separator - Starting separation process for audio_file_path: /tmp/v143-semantics-sustain-shadow-s5j7jqk1/v143-rhythm-stems/_work/normalized/input-normalized.wav
2026-08-23 19:14:07.682 - INFO - common_separator - Input audio subtype: PCM_16
2026-08-23 19:14:07.682 - INFO - common_separator - Detected input bit depth: 16-bit

[1A  0%|          | 0/40 [00:00<?, ?it/s]
[1A  2%|▎         | 1/40 [00:01<00:45,  1.17s/it]
[1A  8%|▊         | 3/40 [00:01<00:13,  2.73it/s]
[1A 12%|█▎        | 5/40 [00:01<00:07,  4.50it/s]
[1A 18%|█▊        | 7/40 [00:01<00:05,  6.07it/s]
[1A 22%|██▎       | 9/40 [00:01<00:04,  7.43it/s]
[1A 28%|██▊       | 11/40 [00:02<00:03,  8.54it/s]
[1A 32%|███▎      | 13/40 [00:02<00:02,  9.40it/s]
[1A 38%|███▊      | 15/40 [00:02<00:02, 10.04it/s]
[1A 42%|████▎     | 17/40 [00:02<00:02, 10.55it/s]
[1A 48%|████▊     | 19/40 [00:02<00:01, 10.87it/s]
[1A 52%|█████▎    | 21/40 [00:02<00:01, 11.09it/s]
[1A 57%|█████▊    | 23/40 [00:03<00:01, 11.24it/s]
[1A 62%|██████▎   | 25/40 [00:03<00:01, 11.26it/s]
[1A 68%|██████▊   | 27/40 [00:03<00:01, 11.36it/s]
[1A 72%|███████▎  | 29/40 [00:03<00:00, 11.48it/s]
[1A 78%|███████▊  | 31/40 [00:03<00:00, 11.53it/s]
[1A 82%|████████▎ | 33/40 [00:03<00:00, 11.57it/s]
[1A 88%|████████▊ | 35/40 [00:04<00:00, 11.57it/s]
[1A 92%|█████████▎| 37/40 [00:04<00:00, 11.60it/s]
[1A 98%|█████████▊| 39/40 [00:04<00:00, 11.59it/s]
[1A100%|██████████| 40/40 [00:04<00:00,  8.87it/s]
2026-08-23 19:14:39.338 - INFO - common_separator - Audio duration is 0.06 hours (211.44 seconds).
2026-08-23 19:14:39.338 - WARNING - common_separator - Using soundfile for writing.
2026-08-23 19:14:39.425 - INFO - common_separator - Using input subtype for output: PCM_16
2026-08-23 19:14:39.936 - INFO - common_separator - Clearing input audio file paths, sources and stems...
2026-08-23 19:14:39.936 - INFO - separator - Separation duration: 00:00:32
2026-08-23 19:14:39.936 - INFO - cli - Separation complete! Output file(s): input-normalized_(Guitar)_htdemucs_6s.wav
2026-08-23 19:14:45.302 - INFO - cli - Separator version 0.44.5 beginning with input path(s): /tmp/v143-semantics-sustain-shadow-s5j7jqk1/v143-rhythm-stems/_work/normalized/input-normalized.wav
2026-08-23 19:14:45.305 - INFO - separator - Separator version 0.44.5 instantiating with output_dir: /tmp/v143-semantics-sustain-shadow-s5j7jqk1/v143-rhythm-stems/_work/roformer, output_format: WAV
2026-08-23 19:14:45.305 - INFO - separator - Using model directory from model_file_dir parameter: /tmp/audio-separator-models/
2026-08-23 19:14:45.306 - INFO - separator - Operating System: Linux #1 SMP Sun Jan 10 15:06:54 PST 2016
2026-08-23 19:14:45.306 - INFO - separator - System: Linux Node: modal Release: 4.19.0-gvisor Machine: x86_64 Proc: 
2026-08-23 19:14:45.306 - INFO - separator - Python Version: 3.11.12
2026-08-23 19:14:45.306 - INFO - separator - PyTorch Version: 2.13.0+cu130
2026-08-23 19:14:45.502 - INFO - separator - FFmpeg installed: ffmpeg version 5.1.9-0+deb12u1 Copyright (c) 2000-2026 the FFmpeg developers
2026-08-23 19:14:45.505 - INFO - separator - ONNX Runtime GPU package installed with version: 1.28.0
2026-08-23 19:14:45.506 - INFO - separator - CUDA is available in Torch, setting Torch device to CUDA
2026-08-23 19:14:45.506 - INFO - separator - ONNXruntime has CUDAExecutionProvider available, enabling acceleration
2026-08-23 19:14:45.506 - INFO - separator - Loading model model_bs_roformer_ep_317_sdr_12.9755.ckpt...

[1A  0%|          | 0.00/639M [00:00<?, ?iB/s]
[1A  1%|          | 5.83M/639M [00:00<00:10, 58.3MiB/s]
[1A  2%|▏         | 11.7M/639M [00:00<00:12, 51.4MiB/s]
[1A  3%|▎         | 19.0M/639M [00:00<00:10, 60.9MiB/s]
[1A  4%|▍         | 25.2M/639M [00:00<00:11, 55.8MiB/s]
[1A  5%|▍         | 31.5M/639M [00:00<00:11, 54.4MiB/s]
[1A  6%|▌         | 38.8M/639M [00:00<00:09, 60.1MiB/s]
[1A  7%|▋         | 44.9M/639M [00:00<00:10, 57.1MiB/s]
[1A  8%|▊         | 52.4M/639M [00:00<00:10, 58.0MiB/s]
[1A  9%|▉         | 59.0M/639M [00:01<00:09, 60.0MiB/s]
[1A 10%|█         | 65.0M/639M [00:01<00:10, 57.3MiB/s]
[1A 11%|█         | 71.8M/639M [00:01<00:09, 60.3MiB/s]
[1A 12%|█▏        | 77.9M/639M [00:01<00:09, 59.8MiB/s]
[1A 13%|█▎        | 84.0M/639M [00:01<00:09, 59.1MiB/s]
[1A 14%|█▍        | 92.5M/639M [00:01<00:08, 66.5MiB/s]
[1A 16%|█▌        | 99.3M/639M [00:01<00:08, 67.0MiB/s]
[1A 17%|█▋        | 106M/639M [00:01<00:08, 65.5MiB/s] 
[1A 18%|█▊        | 113M/639M [00:01<00:07, 67.0MiB/s]
[1A 19%|█▊        | 120M/639M [00:01<00:08, 64.3MiB/s]
[1A 20%|█▉        | 127M/639M [00:02<00:07, 65.8MiB/s]
[1A 21%|██        | 135M/639M [00:02<00:07, 71.7MiB/s]
[1A 22%|██▏       | 143M/639M [00:02<00:07, 68.1MiB/s]
[1A 23%|██▎       | 150M/639M [00:02<00:07, 68.3MiB/s]
[1A 25%|██▍       | 157M/639M [00:02<00:06, 69.4MiB/s]
[1A 26%|██▌       | 164M/639M [00:02<00:06, 69.0MiB/s]
[1A 27%|██▋       | 171M/639M [00:02<00:07, 65.5MiB/s]
[1A 28%|██▊       | 178M/639M [00:02<00:06, 66.6MiB/s]
[1A 29%|██▉       | 185M/639M [00:02<00:06, 68.0MiB/s]
[1A 30%|███       | 192M/639M [00:03<00:06, 68.8MiB/s]
[1A 31%|███       | 199M/639M [00:03<00:10, 41.0MiB/s]
[1A 33%|███▎      | 209M/639M [00:03<00:08, 51.9MiB/s]
[1A 34%|███▎      | 216M/639M [00:03<00:07, 54.2MiB/s]
[1A 35%|███▍      | 223M/639M [00:03<00:07, 57.9MiB/s]
[1A 36%|███▌      | 230M/639M [00:03<00:06, 63.1MiB/s]
[1A 37%|███▋      | 238M/639M [00:03<00:06, 64.6MiB/s]
[1A 38%|███▊      | 245M/639M [00:03<00:05, 66.4MiB/s]
[1A 39%|███▉      | 252M/639M [00:04<00:05, 67.8MiB/s]
[1A 40%|████      | 259M/639M [00:04<00:05, 68.3MiB/s]
[1A 42%|████▏     | 266M/639M [00:04<00:05, 68.7MiB/s]
[1A 43%|████▎     | 273M/639M [00:04<00:07, 50.6MiB/s]
[1A 44%|████▎     | 280M/639M [00:04<00:06, 54.7MiB/s]
[1A 45%|████▍     | 287M/639M [00:04<00:06, 58.5MiB/s]
[1A 46%|████▌     | 294M/639M [00:04<00:05, 61.5MiB/s]
[1A 47%|████▋     | 301M/639M [00:04<00:05, 64.2MiB/s]
[1A 48%|████▊     | 308M/639M [00:04<00:05, 65.8MiB/s]
[1A 49%|████▉     | 315M/639M [00:05<00:04, 67.0MiB/s]
[1A 50%|█████     | 322M/639M [00:05<00:04, 68.1MiB/s]
[1A 51%|█████▏    | 329M/639M [00:05<00:04, 68.4MiB/s]
[1A 53%|█████▎    | 336M/639M [00:05<00:04, 68.7MiB/s]
[1A 54%|█████▍    | 346M/639M [00:05<00:04, 72.7MiB/s]
[1A 55%|█████▌    | 354M/639M [00:05<00:03, 74.2MiB/s]
[1A 57%|█████▋    | 361M/639M [00:05<00:05, 50.4MiB/s]
[1A 58%|█████▊    | 368M/639M [00:05<00:04, 54.5MiB/s]
[1A 59%|█████▉    | 376M/639M [00:06<00:04, 60.9MiB/s]
[1A 60%|█████▉    | 383M/639M [00:06<00:04, 62.9MiB/s]
[1A 61%|██████    | 390M/639M [00:06<00:04, 60.5MiB/s]
[1A 62%|██████▏   | 398M/639M [00:06<00:03, 64.8MiB/s]
[1A 63%|██████▎   | 405M/639M [00:06<00:03, 65.5MiB/s]
[1A 65%|██████▍   | 413M/639M [00:06<00:03, 67.4MiB/s]
[1A 66%|██████▌   | 420M/639M [00:06<00:03, 68.3MiB/s]
[1A 67%|██████▋   | 427M/639M [00:06<00:02, 71.0MiB/s]
[1A 68%|██████▊   | 435M/639M [00:06<00:02, 71.3MiB/s]
[1A 69%|██████▉   | 442M/639M [00:07<00:02, 69.8MiB/s]
[1A 70%|███████   | 449M/639M [00:07<00:02, 69.5MiB/s]
[1A 71%|███████▏  | 457M/639M [00:07<00:02, 72.5MiB/s]
[1A 73%|███████▎  | 464M/639M [00:07<00:02, 72.6MiB/s]
[1A 74%|███████▍  | 472M/639M [00:07<00:02, 72.7MiB/s]
[1A 75%|███████▍  | 479M/639M [00:07<00:02, 71.7MiB/s]
[1A 76%|███████▌  | 486M/639M [00:07<00:02, 70.8MiB/s]
[1A 77%|███████▋  | 494M/639M [00:07<00:02, 71.0MiB/s]
[1A 78%|███████▊  | 502M/639M [00:07<00:01, 74.1MiB/s]
[1A 80%|███████▉  | 509M/639M [00:07<00:01, 69.4MiB/s]
[1A 81%|████████  | 516M/639M [00:08<00:01, 69.5MiB/s]
[1A 82%|████████▏ | 524M/639M [00:08<00:01, 72.4MiB/s]
[1A 83%|████████▎ | 531M/639M [00:08<00:01, 70.8MiB/s]
[1A 84%|████████▍ | 538M/639M [00:08<00:01, 66.8MiB/s]
[1A 85%|████████▌ | 546M/639M [00:08<00:01, 68.8MiB/s]
[1A 87%|████████▋ | 555M/639M [00:08<00:01, 74.6MiB/s]
[1A 88%|████████▊ | 562M/639M [00:08<00:01, 71.4MiB/s]
[1A 89%|████████▉ | 570M/639M [00:08<00:00, 71.3MiB/s]
[1A 90%|█████████ | 577M/639M [00:08<00:00, 71.6MiB/s]
[1A 91%|█████████▏| 585M/639M [00:09<00:00, 73.8MiB/s]
[1A 93%|█████████▎| 592M/639M [00:09<00:00, 48.4MiB/s]
[1A 94%|█████████▎| 599M/639M [00:09<00:00, 52.7MiB/s]
[1A 95%|█████████▍| 606M/639M [00:09<00:00, 57.0MiB/s]
[1A 96%|█████████▌| 613M/639M [00:09<00:00, 59.9MiB/s]
[1A 97%|█████████▋| 620M/639M [00:09<00:00, 62.4MiB/s]
[1A 98%|█████████▊| 627M/639M [00:09<00:00, 64.6MiB/s]
[1A 99%|█████████▉| 634M/639M [00:09<00:00, 66.7MiB/s]100%|██████████| 639M/639M [00:09<00:00, 64.1MiB/s]

[1A  0%|          | 0.00/2.27k [00:00<?, ?iB/s]
[1A100%|██████████| 2.27k/2.27k [00:00<00:00, 2.09MiB/s]
2026-08-23 19:14:59.880 - INFO - mdxc_separator - MDXC Separator initialisation complete
2026-08-23 19:14:59.880 - INFO - separator - Roformer loading stats: {'new_implementation_success': 1, 'total_failures': 0}
2026-08-23 19:14:59.880 - INFO - separator - Load model duration: 00:00:14
2026-08-23 19:14:59.881 - INFO - separator - Processing file: /tmp/v143-semantics-sustain-shadow-s5j7jqk1/v143-rhythm-stems/_work/normalized/input-normalized.wav
2026-08-23 19:14:59.881 - INFO - separator - Starting separation process for audio_file_path: /tmp/v143-semantics-sustain-shadow-s5j7jqk1/v143-rhythm-stems/_work/normalized/input-normalized.wav
2026-08-23 19:14:59.883 - INFO - common_separator - Input audio subtype: PCM_16
2026-08-23 19:14:59.883 - INFO - common_separator - Detected input bit depth: 16-bit

[1A  0%|          | 0/27 [00:00<?, ?it/s]
[1A  4%|▎         | 1/27 [00:02<00:58,  2.23s/it]
[1A  7%|▋         | 2/27 [00:03<00:47,  1.92s/it]
[1A 11%|█         | 3/27 [00:05<00:43,  1.82s/it]
[1A 15%|█▍        | 4/27 [00:07<00:40,  1.78s/it]
[1A 19%|█▊        | 5/27 [00:09<00:38,  1.75s/it]
[1A 22%|██▏       | 6/27 [00:10<00:36,  1.74s/it]
[1A 26%|██▌       | 7/27 [00:12<00:34,  1.73s/it]
[1A 30%|██▉       | 8/27 [00:14<00:32,  1.73s/it]
[1A 33%|███▎      | 9/27 [00:15<00:31,  1.73s/it]
[1A 37%|███▋      | 10/27 [00:17<00:29,  1.73s/it]
[1A 41%|████      | 11/27 [00:19<00:27,  1.73s/it]
[1A 44%|████▍     | 12/27 [00:21<00:25,  1.73s/it]
[1A 48%|████▊     | 13/27 [00:22<00:24,  1.74s/it]
[1A 52%|█████▏    | 14/27 [00:24<00:22,  1.74s/it]
[1A 56%|█████▌    | 15/27 [00:26<00:20,  1.74s/it]
[1A 59%|█████▉    | 16/27 [00:28<00:19,  1.74s/it]
[1A 63%|██████▎   | 17/27 [00:29<00:17,  1.74s/it]
[1A 67%|██████▋   | 18/27 [00:31<00:15,  1.75s/it]
[1A 70%|███████   | 19/27 [00:33<00:13,  1.75s/it]
[1A 74%|███████▍  | 20/27 [00:35<00:12,  1.75s/it]
[1A 78%|███████▊  | 21/27 [00:36<00:10,  1.75s/it]
[1A 81%|████████▏ | 22/27 [00:38<00:08,  1.75s/it]
[1A 85%|████████▌ | 23/27 [00:40<00:07,  1.75s/it]
[1A 89%|████████▉ | 24/27 [00:42<00:05,  1.75s/it]
[1A 93%|█████████▎| 25/27 [00:43<00:03,  1.76s/it]
[1A 96%|█████████▋| 26/27 [00:45<00:01,  1.76s/it]
[1A100%|██████████| 27/27 [00:47<00:00,  1.76s/it]
[1A100%|██████████| 27/27 [00:47<00:00,  1.76s/it]
2026-08-23 19:15:49.465 - INFO - mdxc_separator - Saving Instrumental stem to input-normalized_(Instrumental)_model_bs_roformer_ep_317_sdr_12.wav...
2026-08-23 19:15:49.738 - INFO - common_separator - Audio duration is 0.06 hours (211.44 seconds).
2026-08-23 19:15:49.739 - WARNING - common_separator - Using soundfile for writing.
2026-08-23 19:15:49.816 - INFO - common_separator - Using input subtype for output: PCM_16
2026-08-23 19:15:50.364 - INFO - common_separator - Clearing input audio file paths, sources and stems...
2026-08-23 19:15:50.365 - INFO - separator - Separation duration: 00:00:50
2026-08-23 19:15:50.365 - INFO - cli - Separation complete! Output file(s): input-normalized_(Instrumental)_model_bs_roformer_ep_317_sdr_12.wav
2026-08-23 19:15:55.777 - INFO - cli - Separator version 0.44.5 beginning with input path(s): /tmp/v143-semantics-sustain-shadow-s5j7jqk1/v143-rhythm-stems/_work/roformer/input-normalized_(Instrumental)_model_bs_roformer_ep_317_sdr_12.wav
2026-08-23 19:15:55.782 - INFO - separator - Separator version 0.44.5 instantiating with output_dir: /tmp/v143-semantics-sustain-shadow-s5j7jqk1/v143-rhythm-stems/_work/cascade, output_format: WAV
2026-08-23 19:15:55.782 - INFO - separator - Using model directory from model_file_dir parameter: /tmp/audio-separator-models/
2026-08-23 19:15:55.783 - INFO - separator - Operating System: Linux #1 SMP Sun Jan 10 15:06:54 PST 2016
2026-08-23 19:15:55.783 - INFO - separator - System: Linux Node: modal Release: 4.19.0-gvisor Machine: x86_64 Proc: 
2026-08-23 19:15:55.784 - INFO - separator - Python Version: 3.11.12
2026-08-23 19:15:55.785 - INFO - separator - PyTorch Version: 2.13.0+cu130
2026-08-23 19:15:56.025 - INFO - separator - FFmpeg installed: ffmpeg version 5.1.9-0+deb12u1 Copyright (c) 2000-2026 the FFmpeg developers
2026-08-23 19:15:56.028 - INFO - separator - ONNX Runtime GPU package installed with version: 1.28.0
2026-08-23 19:15:56.029 - INFO - separator - CUDA is available in Torch, setting Torch device to CUDA
2026-08-23 19:15:56.029 - INFO - separator - ONNXruntime has CUDAExecutionProvider available, enabling acceleration
2026-08-23 19:15:56.029 - INFO - separator - Loading model htdemucs_6s.yaml...
2026-08-23 19:15:56.081 - INFO - demucs_separator - Demucs Separator initialisation complete
2026-08-23 19:15:56.081 - INFO - separator - Load model duration: 00:00:00
2026-08-23 19:15:56.081 - INFO - separator - Processing file: /tmp/v143-semantics-sustain-shadow-s5j7jqk1/v143-rhythm-stems/_work/roformer/input-normalized_(Instrumental)_model_bs_roformer_ep_317_sdr_12.wav
2026-08-23 19:15:56.081 - INFO - separator - Starting separation process for audio_file_path: /tmp/v143-semantics-sustain-shadow-s5j7jqk1/v143-rhythm-stems/_work/roformer/input-normalized_(Instrumental)_model_bs_roformer_ep_317_sdr_12.wav
2026-08-23 19:15:56.082 - INFO - common_separator - Input audio subtype: PCM_16
2026-08-23 19:15:56.082 - INFO - common_separator - Detected input bit depth: 16-bit

[1A  0%|          | 0/40 [00:00<?, ?it/s]
[1A  2%|▎         | 1/40 [00:00<00:26,  1.47it/s]
[1A  8%|▊         | 3/40 [00:00<00:08,  4.15it/s]
[1A 12%|█▎        | 5/40 [00:01<00:05,  6.19it/s]
[1A 18%|█▊        | 7/40 [00:01<00:04,  7.73it/s]
[1A 22%|██▎       | 9/40 [00:01<00:03,  8.84it/s]
[1A 28%|██▊       | 11/40 [00:01<00:02,  9.68it/s]
[1A 32%|███▎      | 13/40 [00:01<00:02, 10.26it/s]
[1A 38%|███▊      | 15/40 [00:01<00:02, 10.67it/s]
[1A 42%|████▎     | 17/40 [00:02<00:02, 10.98it/s]
[1A 48%|████▊     | 19/40 [00:02<00:01, 11.18it/s]
[1A 52%|█████▎    | 21/40 [00:02<00:01, 11.31it/s]
[1A 57%|█████▊    | 23/40 [00:02<00:01, 11.42it/s]
[1A 62%|██████▎   | 25/40 [00:02<00:01, 11.45it/s]
[1A 68%|██████▊   | 27/40 [00:02<00:01, 11.52it/s]
[1A 72%|███████▎  | 29/40 [00:03<00:00, 11.55it/s]
[1A 78%|███████▊  | 31/40 [00:03<00:00, 11.58it/s]
[1A 82%|████████▎ | 33/40 [00:03<00:00, 11.61it/s]
[1A 88%|████████▊ | 35/40 [00:03<00:00, 11.61it/s]
[1A 92%|█████████▎| 37/40 [00:03<00:00, 11.59it/s]
[1A 98%|█████████▊| 39/40 [00:03<00:00, 11.57it/s]
[1A100%|██████████| 40/40 [00:04<00:00,  9.92it/s]
2026-08-23 19:16:05.720 - INFO - common_separator - Audio duration is 0.06 hours (211.44 seconds).
2026-08-23 19:16:05.720 - WARNING - common_separator - Using soundfile for writing.
2026-08-23 19:16:05.799 - INFO - common_separator - Using input subtype for output: PCM_16
2026-08-23 19:16:06.282 - INFO - common_separator - Clearing input audio file paths, sources and stems...
2026-08-23 19:16:06.282 - INFO - separator - Separation duration: 00:00:10
2026-08-23 19:16:06.282 - INFO - cli - Separation complete! Output file(s): input-normalized_(Instrumental)_model_bs_roformer_ep_317_sdr_12_(Guitar)_htdemucs_6s.wav
WARNING:root:Coremltools is not installed. If you plan to use a CoreML Saved Model, reinstall basic-pitch with `pip install 'basic-pitch[coreml]'`
WARNING:root:tflite-runtime is not installed. If you plan to use a TFLite Model, reinstall basic-pitch with `pip install 'basic-pitch tflite-runtime'` or `pip install 'basic-pitch[tf]'
2026-08-23 19:16:09.374490: I tensorflow/core/util/port.cc:113] oneDNN custom operations are on. You may see slightly different numerical results due to floating-point round-off errors from different computation orders. To turn them off, set the environment variable `TF_ENABLE_ONEDNN_OPTS=0`.
2026-08-23 19:16:09.496894: I external/local_tsl/tsl/cuda/cudart_stub.cc:31] Could not find cuda drivers on your machine, GPU will not be used.
2026-08-23 19:16:09.599030: E external/local_xla/xla/stream_executor/cuda/cuda_dnn.cc:9261] Unable to register cuDNN factory: Attempting to register factory for plugin cuDNN when one has already been registered
2026-08-23 19:16:09.599225: E external/local_xla/xla/stream_executor/cuda/cuda_fft.cc:607] Unable to register cuFFT factory: Attempting to register factory for plugin cuFFT when one has already been registered
2026-08-23 19:16:09.602229: E external/local_xla/xla/stream_executor/cuda/cuda_blas.cc:1515] Unable to register cuBLAS factory: Attempting to register factory for plugin cuBLAS when one has already been registered
2026-08-23 19:16:09.617563: I external/local_tsl/tsl/cuda/cudart_stub.cc:31] Could not find cuda drivers on your machine, GPU will not be used.
2026-08-23 19:16:09.618308: I tensorflow/core/platform/cpu_feature_guard.cc:182] This TensorFlow binary is optimized to use available CPU instructions in performance-critical operations.
To enable the following instructions: AVX2 AVX512F AVX512_VNNI FMA, in other operations, rebuild TensorFlow with the appropriate compiler flags.
2026-08-23 19:16:11.882015: W tensorflow/compiler/tf2tensorrt/utils/py_utils.cc:38] TF-TRT Warning: Could not find TensorRT
/usr/local/lib/python3.11/site-packages/resampy/filters.py:50: UserWarning: pkg_resources is deprecated as an API. See https://setuptools.pypa.io/en/latest/pkg_resources.html. The pkg_resources package is slated for removal as early as 2025-11-30. Refrain from using this package or pin to Setuptools<81.
  import pkg_resources
Predicting MIDI for /tmp/v143-semantics-sustain-shadow-s5j7jqk1/v143-rhythm-stems/direct-demucs6s-guitar.wav...
2026-08-23 19:16:14.728268: I external/local_xla/xla/stream_executor/cuda/cuda_executor.cc:887] could not open file to read NUMA node: /sys/bus/pci/devices/0000:80:02.0/numa_node
Your kernel may have been built without NUMA support.
2026-08-23 19:16:14.735499: W tensorflow/core/common_runtime/gpu/gpu_device.cc:2256] Cannot dlopen some GPU libraries. Please make sure the missing libraries mentioned above are installed properly if you would like to use GPU. Follow the guide at https://www.tensorflow.org/install/gpu for how to download and setup the required libraries for your platform.
Skipping registering GPU devices...
Predicting MIDI for /tmp/v143-semantics-sustain-shadow-s5j7jqk1/v143-rhythm-stems/bsroformer-demucs6s-guitar.wav...
{"candidateCount": 1788, "renderedNoteCount": 1020, "selectedAttackCount": 358}
{"afterGuard": {"allTechniqueLabels": {"bend": 13, "bend-release": 6, "hammer-on": 1, "pull-off": 1, "slide-down": 5, "slide-up": 2}, "bendEventCount": 13, "eventCount": 1020, "legatoSourceEventCount": 9, "primaryTechniqueLabels": {"bend": 13, "bend-release": 6, "hammer-on": 1, "pull-off": 1, "slide-down": 5, "slide-up": 2}, "secondaryTechniqueEventCount": 0, "secondaryTechniqueLabels": {}, "techniqueEventCount": 22}, "beforeGuard": {"allTechniqueLabels": {"bend": 40, "bend-release": 26, "hammer-on": 4, "pull-off": 3, "slide-down": 19, "slide-up": 16}, "bendEventCount": 40, "eventCount": 1020, "legatoSourceEventCount": 42, "primaryTechniqueLabels": {"bend": 13, "bend-release": 6, "hammer-on": 1, "pull-off": 1, "slide-down": 8, "slide-up": 6}, "secondaryTechniqueEventCount": 53, "secondaryTechniqueLabels": {"bend": 27, "bend-release": 20, "hammer-on": 3, "pull-off": 2, "slide-down": 11, "slide-up": 10}, "techniqueEventCount": 82}, "guard": {"attackTimingChanged": false, "eventCount": 1020, "eventCountChanged": false, "pitchChanged": false, "primaryEventCount": 358, "productionModified": false, "referenceFree": true, "runtimeLabelsRequired": false, "secondaryEventCount": 662, "stringFretChanged": false, "strippedAudioTechniqueLabels": 80, "strippedInvalidPrimaryLegato": 7, "strippedSecondaryBends": 27, "strippedSecondaryLegato": 48}}
{"annotatedEventCount": 652, "attackTimingChanged": false, "eventCount": 1020, "eventCountChanged": false, "longerThanDetectorCount": 587, "pitchChanged": false, "productionModified": false, "referenceFree": true, "runtimeLabelsRequired": false, "shorterThanDetectorCount": 56, "tieOrLetRingInferred": false}
WROTE=debug/v143-contextual-prune/rhythm-semantics-sustain-approved-shadow.json
Stopping app - local entrypoint completed.
✓ App completed. View run at 
https://modal.com/apps/dadrockyt/main/ap-oZP89DsqO1d02lztUK68Xl
