commit=7713f13f18d23917d71813b87b5cfa793ea1d488
actor=dadrockyt-sys
Collecting modal
  Downloading modal-1.5.4-py3-none-any.whl.metadata (2.5 kB)
Collecting aiohttp (from modal)
  Downloading aiohttp-3.14.3-cp311-cp311-manylinux2014_x86_64.manylinux_2_17_x86_64.manylinux_2_28_x86_64.whl.metadata (8.3 kB)
Collecting cbor2 (from modal)
  Downloading cbor2-6.1.4-cp311-cp311-manylinux_2_28_x86_64.whl.metadata (5.5 kB)
Collecting certifi (from modal)
  Downloading certifi-2026.7.22-py3-none-any.whl.metadata (2.5 kB)
Collecting click~=8.1 (from modal)
  Downloading click-8.4.2-py3-none-any.whl.metadata (2.6 kB)
Collecting grpclib<0.4.10,>=0.4.7 (from modal)
  Downloading grpclib-0.4.9-py3-none-any.whl.metadata (6.1 kB)
Collecting protobuf!=4.24.0,<7.0,>=3.19 (from modal)
  Downloading protobuf-6.33.6-cp39-abi3-manylinux2014_x86_64.whl.metadata (593 bytes)
Collecting rich>=12.0.0 (from modal)
  Downloading rich-15.0.0-py3-none-any.whl.metadata (18 kB)
Collecting synchronicity~=0.12.5 (from modal)
  Downloading synchronicity-0.12.5-py3-none-any.whl.metadata (14 kB)
Collecting toml (from modal)
  Downloading toml-0.10.2-py2.py3-none-any.whl.metadata (7.1 kB)
Collecting types-certifi (from modal)
  Downloading types_certifi-2021.10.8.3-py3-none-any.whl.metadata (1.4 kB)
Collecting types-toml (from modal)
  Downloading types_toml-0.10.8.20260518-py3-none-any.whl.metadata (1.7 kB)
Collecting watchfiles (from modal)
  Downloading watchfiles-1.2.0-cp311-cp311-manylinux_2_17_x86_64.manylinux2014_x86_64.whl.metadata (4.9 kB)
Collecting typing_extensions~=4.6 (from modal)
  Downloading typing_extensions-4.16.0-py3-none-any.whl.metadata (3.3 kB)
Collecting h2<5,>=3.1.0 (from grpclib<0.4.10,>=0.4.7->modal)
  Downloading h2-4.4.1-py3-none-any.whl.metadata (3.8 kB)
Collecting multidict (from grpclib<0.4.10,>=0.4.7->modal)
  Downloading multidict-6.7.1-cp311-cp311-manylinux2014_x86_64.manylinux_2_17_x86_64.manylinux_2_28_x86_64.whl.metadata (5.3 kB)
Collecting hyperframe<7,>=6.1 (from h2<5,>=3.1.0->grpclib<0.4.10,>=0.4.7->modal)
  Downloading hyperframe-6.1.0-py3-none-any.whl.metadata (4.3 kB)
Collecting hpack<5,>=4.2 (from h2<5,>=3.1.0->grpclib<0.4.10,>=0.4.7->modal)
  Downloading hpack-4.2.0-py3-none-any.whl.metadata (3.3 kB)
Collecting markdown-it-py>=2.2.0 (from rich>=12.0.0->modal)
  Downloading markdown_it_py-4.2.0-py3-none-any.whl.metadata (7.4 kB)
Collecting pygments<3.0.0,>=2.13.0 (from rich>=12.0.0->modal)
  Downloading pygments-2.21.0-py3-none-any.whl.metadata (2.5 kB)
Collecting mdurl~=0.1 (from markdown-it-py>=2.2.0->rich>=12.0.0->modal)
  Downloading mdurl-0.1.2-py3-none-any.whl.metadata (1.6 kB)
Collecting aiohappyeyeballs>=2.5.0 (from aiohttp->modal)
  Downloading aiohappyeyeballs-2.7.1-py3-none-any.whl.metadata (5.9 kB)
Collecting aiosignal>=1.4.0 (from aiohttp->modal)
  Downloading aiosignal-1.4.0-py3-none-any.whl.metadata (3.7 kB)
Collecting attrs>=17.3.0 (from aiohttp->modal)
  Downloading attrs-26.1.0-py3-none-any.whl.metadata (8.8 kB)
Collecting frozenlist>=1.1.1 (from aiohttp->modal)
  Downloading frozenlist-1.8.0-cp311-cp311-manylinux1_x86_64.manylinux_2_28_x86_64.manylinux_2_5_x86_64.whl.metadata (20 kB)
Collecting propcache>=0.2.0 (from aiohttp->modal)
  Downloading propcache-0.5.2-cp311-cp311-manylinux2014_x86_64.manylinux_2_17_x86_64.manylinux_2_28_x86_64.whl.metadata (16 kB)
Collecting yarl<2.0,>=1.17.0 (from aiohttp->modal)
  Downloading yarl-1.24.5-cp311-cp311-manylinux2014_x86_64.manylinux_2_17_x86_64.manylinux_2_28_x86_64.whl.metadata (103 kB)
Collecting idna>=2.0 (from yarl<2.0,>=1.17.0->aiohttp->modal)
  Downloading idna-3.19-py3-none-any.whl.metadata (9.2 kB)
Collecting anyio>=3.0.0 (from watchfiles->modal)
  Downloading anyio-4.14.2-py3-none-any.whl.metadata (4.6 kB)
Downloading modal-1.5.4-py3-none-any.whl (979 kB)
   ━━━━━━━━━━━━━━━━━━━━━━━━━━━━━━━━━━━━━━━━ 979.4/979.4 kB 90.6 MB/s  0:00:00
Downloading click-8.4.2-py3-none-any.whl (119 kB)
Downloading grpclib-0.4.9-py3-none-any.whl (77 kB)
Downloading h2-4.4.1-py3-none-any.whl (62 kB)
Downloading hpack-4.2.0-py3-none-any.whl (34 kB)
Downloading hyperframe-6.1.0-py3-none-any.whl (13 kB)
Downloading protobuf-6.33.6-cp39-abi3-manylinux2014_x86_64.whl (323 kB)
Downloading synchronicity-0.12.5-py3-none-any.whl (41 kB)
Downloading typing_extensions-4.16.0-py3-none-any.whl (45 kB)
Downloading rich-15.0.0-py3-none-any.whl (310 kB)
Downloading pygments-2.21.0-py3-none-any.whl (1.3 MB)
   ━━━━━━━━━━━━━━━━━━━━━━━━━━━━━━━━━━━━━━━━ 1.3/1.3 MB 119.8 MB/s  0:00:00
Downloading markdown_it_py-4.2.0-py3-none-any.whl (91 kB)
Downloading mdurl-0.1.2-py3-none-any.whl (10.0 kB)
Downloading aiohttp-3.14.3-cp311-cp311-manylinux2014_x86_64.manylinux_2_17_x86_64.manylinux_2_28_x86_64.whl (1.8 MB)
   ━━━━━━━━━━━━━━━━━━━━━━━━━━━━━━━━━━━━━━━━ 1.8/1.8 MB 211.5 MB/s  0:00:00
Downloading multidict-6.7.1-cp311-cp311-manylinux2014_x86_64.manylinux_2_17_x86_64.manylinux_2_28_x86_64.whl (246 kB)
Downloading yarl-1.24.5-cp311-cp311-manylinux2014_x86_64.manylinux_2_17_x86_64.manylinux_2_28_x86_64.whl (111 kB)
Downloading aiohappyeyeballs-2.7.1-py3-none-any.whl (15 kB)
Downloading aiosignal-1.4.0-py3-none-any.whl (7.5 kB)
Downloading attrs-26.1.0-py3-none-any.whl (67 kB)
Downloading frozenlist-1.8.0-cp311-cp311-manylinux1_x86_64.manylinux_2_28_x86_64.manylinux_2_5_x86_64.whl (231 kB)
Downloading idna-3.19-py3-none-any.whl (68 kB)
Downloading propcache-0.5.2-cp311-cp311-manylinux2014_x86_64.manylinux_2_17_x86_64.manylinux_2_28_x86_64.whl (58 kB)
Downloading cbor2-6.1.4-cp311-cp311-manylinux_2_28_x86_64.whl (464 kB)
Downloading certifi-2026.7.22-py3-none-any.whl (136 kB)
Downloading toml-0.10.2-py2.py3-none-any.whl (16 kB)
Downloading types_certifi-2021.10.8.3-py3-none-any.whl (2.1 kB)
Downloading types_toml-0.10.8.20260518-py3-none-any.whl (9.7 kB)
Downloading watchfiles-1.2.0-cp311-cp311-manylinux_2_17_x86_64.manylinux2014_x86_64.whl (456 kB)
Downloading anyio-4.14.2-py3-none-any.whl (125 kB)
Installing collected packages: types-certifi, typing_extensions, types-toml, toml, pygments, protobuf, propcache, multidict, mdurl, idna, hyperframe, hpack, frozenlist, click, certifi, cbor2, attrs, aiohappyeyeballs, yarl, synchronicity, markdown-it-py, h2, anyio, aiosignal, watchfiles, rich, grpclib, aiohttp, modal

Successfully installed aiohappyeyeballs-2.7.1 aiohttp-3.14.3 aiosignal-1.4.0 anyio-4.14.2 attrs-26.1.0 cbor2-6.1.4 certifi-2026.7.22 click-8.4.2 frozenlist-1.8.0 grpclib-0.4.9 h2-4.4.1 hpack-4.2.0 hyperframe-6.1.0 idna-3.19 markdown-it-py-4.2.0 mdurl-0.1.2 modal-1.5.4 multidict-6.7.1 propcache-0.5.2 protobuf-6.33.6 pygments-2.21.0 rich-15.0.0 synchronicity-0.12.5 toml-0.10.2 types-certifi-2021.10.8.3 types-toml-0.10.8.20260518 typing_extensions-4.16.0 watchfiles-1.2.0 yarl-1.24.5
✓ Initialized. View run at 
https://modal.com/apps/dadrockyt/main/ap-uv7OguKHS3hXR64rtU3vha
✓ Created objects.
├── 🔨 Created mount 
│   /home/runner/work/dadrock-tabs-android/dadrock-tabs-android/analyzer/v143_co
│   ntextual_prune_shadow_modal.py
├── 🔨 Created mount 
│   /home/runner/work/dadrock-tabs-android/dadrock-tabs-android/public/training/
│   v143-musical-reconstruction-calibration/fresh-section5-reference-free-cache.
│   json
├── 🔨 Created mount 
│   /home/runner/work/dadrock-tabs-android/dadrock-tabs-android/public/training/
│   v143-musical-reconstruction-calibration/contextual-prune-frozen-model.json
├── 🔨 Created mount 
│   /home/runner/work/dadrock-tabs-android/dadrock-tabs-android/public/training/
│   v143-musical-reconstruction-calibration/fresh-17-96-correlation-safe-sequenc
│   e-frozen-events.json
├── 🔨 Created mount 
│   /home/runner/work/dadrock-tabs-android/dadrock-tabs-android/public/training/
│   v143-musical-reconstruction-calibration/intro-correlation-safe-sequence-even
│   t-model.json
├── 🔨 Created mount 
│   /home/runner/work/dadrock-tabs-android/dadrock-tabs-android/public/training/
│   v143-musical-reconstruction-calibration/intro-correlation-safe-grid-event-se
│   lector-model.json
├── 🔨 Created mount PythonPackage:v143_ai_tab_gpu_worker, 
│   PythonPackage:v143_candidate_timing_adapter, 
│   PythonPackage:v143_reference_free_timing, 
│   PythonPackage:v143_contextual_prune_reference_free_carrier, 
│   PythonPackage:v143_contextual_prune_runtime, 
│   PythonPackage:v143_correlation_safe_fixed_count_reranker_freeze, 
│   PythonPackage:v143_intro_sequence_event_model, 
│   PythonPackage:v143_intro_learned_grid_event_selector, 
│   PythonPackage:v143_intro_learned_onset_spectral_set_model, 
│   PythonPackage:v143_intro_raw_attack_temporal_diagnostic, 
│   PythonPackage:v143_intro_repetition_recovery_event_selector, 
│   PythonPackage:v143_intro_supervised_temporal_assignment, 
│   PythonPackage:v143_deterministic_separator, 
│   PythonPackage:v143_seeded_separator, 
│   PythonPackage:v143_production_separator, 
│   PythonPackage:v143_seeded_audio_separator_cli
├── 🔨 Created function analyze_contextual_prune_shadow.
├── 🔨 Created function replay_section5_reference_free_carrier.
└── 🔨 Created function shadow_dependency_smoke.
WARNING:root:Coremltools is not installed. If you plan to use a CoreML Saved Model, reinstall basic-pitch with `pip install 'basic-pitch[coreml]'`
WARNING:root:tflite-runtime is not installed. If you plan to use a TFLite Model, reinstall basic-pitch with `pip install 'basic-pitch tflite-runtime'` or `pip install 'basic-pitch[tf]'
2026-08-24 03:52:14.316211: I external/local_tsl/tsl/cuda/cudart_stub.cc:31] Could not find cuda drivers on your machine, GPU will not be used.
2026-08-24 03:52:14.402325: E external/local_xla/xla/stream_executor/cuda/cuda_dnn.cc:9261] Unable to register cuDNN factory: Attempting to register factory for plugin cuDNN when one has already been registered
2026-08-24 03:52:14.402470: E external/local_xla/xla/stream_executor/cuda/cuda_fft.cc:607] Unable to register cuFFT factory: Attempting to register factory for plugin cuFFT when one has already been registered
2026-08-24 03:52:14.404506: E external/local_xla/xla/stream_executor/cuda/cuda_blas.cc:1515] Unable to register cuBLAS factory: Attempting to register factory for plugin cuBLAS when one has already been registered
2026-08-24 03:52:14.416200: I tensorflow/core/platform/cpu_feature_guard.cc:182] This TensorFlow binary is optimized to use available CPU instructions in performance-critical operations.
To enable the following instructions: AVX2 FMA, in other operations, rebuild TensorFlow with the appropriate compiler flags.
2026-08-24 03:52:16.311665: W tensorflow/compiler/tf2tensorrt/utils/py_utils.cc:38] TF-TRT Warning: Could not find TensorRT
/usr/local/lib/python3.11/site-packages/resampy/filters.py:50: UserWarning: pkg_resources is deprecated as an API. See https://setuptools.pypa.io/en/latest/pkg_resources.html. The pkg_resources package is slated for removal as early as 2025-11-30. Refrain from using this package or pin to Setuptools<81.
  import pkg_resources
{
  "ok": true,
  "cudaAvailable": true,
  "deviceName": "NVIDIA L4",
  "basicPitchImported": true,
  "historicalSweepCount": 4,
  "wideGridToleranceSeconds": 0.3,
  "contextualFeatureCount": 15,
  "contextualModelSha256": "3e30fb28fb98febdd73d832d3bb31093488895820554064ab72afc9e75b2940c",
  "section5CacheSha256": "7f13a0c5586126d428658be4c8a764297cb1741e82897c383e2e376a3770bdad",
  "section5CacheReferenceFree": true,
  "deterministicSeparatorSeed": 143,
  "professionalReferenceOpened": false,
  "productionModified": false
}
Stopping app - local entrypoint completed.
✓ App completed. View run at 
https://modal.com/apps/dadrockyt/main/ap-uv7OguKHS3hXR64rtU3vha
