WARNING:root:Coremltools is not installed. If you plan to use a CoreML Saved Model, reinstall basic-pitch with `pip install 'basic-pitch[coreml]'`
WARNING:root:tflite-runtime is not installed. If you plan to use a TFLite Model, reinstall basic-pitch with `pip install 'basic-pitch tflite-runtime'` or `pip install 'basic-pitch[tf]'
WARNING:root:onnxruntime is not installed. If you plan to use an ONNX Model, reinstall basic-pitch with `pip install 'basic-pitch[onnx]'`
2026-08-12 05:03:41.501833: I external/local_tsl/tsl/cuda/cudart_stub.cc:31] Could not find cuda drivers on your machine, GPU will not be used.
2026-08-12 05:03:41.530677: E external/local_xla/xla/stream_executor/cuda/cuda_dnn.cc:9261] Unable to register cuDNN factory: Attempting to register factory for plugin cuDNN when one has already been registered
2026-08-12 05:03:41.530705: E external/local_xla/xla/stream_executor/cuda/cuda_fft.cc:607] Unable to register cuFFT factory: Attempting to register factory for plugin cuFFT when one has already been registered
2026-08-12 05:03:41.531503: E external/local_xla/xla/stream_executor/cuda/cuda_blas.cc:1515] Unable to register cuBLAS factory: Attempting to register factory for plugin cuBLAS when one has already been registered
2026-08-12 05:03:41.536331: I external/local_tsl/tsl/cuda/cudart_stub.cc:31] Could not find cuda drivers on your machine, GPU will not be used.
2026-08-12 05:03:41.536498: I tensorflow/core/platform/cpu_feature_guard.cc:182] This TensorFlow binary is optimized to use available CPU instructions in performance-critical operations.
To enable the following instructions: AVX2 FMA, in other operations, rebuild TensorFlow with the appropriate compiler flags.
2026-08-12 05:03:42.614472: W tensorflow/compiler/tf2tensorrt/utils/py_utils.cc:38] TF-TRT Warning: Could not find TensorRT
Traceback (most recent call last):
  File "/home/runner/work/dadrock-tabs-android/dadrock-tabs-android/analyzer/profile_gomyway_3676_patch_rhythm24_v28_failure_map_v29.py", line 171, in <module>
    main()
  File "/home/runner/work/dadrock-tabs-android/dadrock-tabs-android/analyzer/profile_gomyway_3676_patch_rhythm24_v28_failure_map_v29.py", line 45, in main
    before = sha256(candidate_path)
             ^^^^^^^^^^^^^^^^^^^^^^
  File "/home/runner/work/dadrock-tabs-android/dadrock-tabs-android/analyzer/profile_gomyway_3676_patch_rhythm24_v28_failure_map_v29.py", line 29, in sha256
    return hashlib.sha256(path.read_bytes()).hexdigest()
                          ^^^^^^^^^^^^^^^^^
  File "/opt/hostedtoolcache/Python/3.11.15/x64/lib/python3.11/pathlib.py", line 1050, in read_bytes
    with self.open(mode='rb') as f:
         ^^^^^^^^^^^^^^^^^^^^
  File "/opt/hostedtoolcache/Python/3.11.15/x64/lib/python3.11/pathlib.py", line 1044, in open
    return io.open(self, mode, buffering, encoding, errors, newline)
           ^^^^^^^^^^^^^^^^^^^^^^^^^^^^^^^^^^^^^^^^^^^^^^^^^^^^^^^^^
FileNotFoundError: [Errno 2] No such file or directory: '/home/runner/work/dadrock-tabs-android/dadrock-tabs-android/public/gomyway-full-song-v8-rhythm-candidates-1-113-intro-recovered-v2.json'
